[0.019s] Invoking command in '/home/pawel/Projects/differential_robot_ws/ros2_ws/build/differential_robot_bringup': CMAKE_PREFIX_PATH=${CMAKE_PREFIX_PATH}:/opt/ros/jazzy DEBUGINFOD_URLS=https://debuginfod.ubuntu.com /usr/bin/cmake /home/pawel/Projects/differential_robot_ws/ros2_ws/src/differential_robot_bringup -DCMAKE_INSTALL_PREFIX=/home/pawel/Projects/differential_robot_ws/ros2_ws/install/differential_robot_bringup
[0.156s] -- The C compiler identification is GNU 13.3.0
[0.249s] -- The CXX compiler identification is GNU 13.3.0
[0.265s] -- Detecting C compiler ABI info
[0.343s] -- Detecting C compiler ABI info - done
[0.352s] -- Check for working C compiler: /usr/bin/cc - skipped
[0.353s] -- Detecting C compile features
[0.353s] -- Detecting C compile features - done
[0.360s] -- Detecting CXX compiler ABI info
[0.441s] -- Detecting CXX compiler ABI info - done
[0.457s] -- Check for working CXX compiler: /usr/bin/c++ - skipped
[0.457s] -- Detecting CXX compile features
[0.458s] -- Detecting CXX compile features - done
[0.460s] -- Found ament_cmake: 2.5.6 (/opt/ros/jazzy/share/ament_cmake/cmake)
[0.589s] -- Found Python3: /usr/bin/python3 (found version "3.12.3") found components: Interpreter 
[0.704s] -- Found ament_lint_auto: 0.17.5 (/opt/ros/jazzy/share/ament_lint_auto/cmake)
[0.803s] -- Added test 'lint_cmake' to check CMake code style
[0.804s] -- Added test 'xmllint' to check XML markup files
[0.805s] -- Configuring done (0.8s)
[0.808s] -- Generating done (0.0s)
[0.809s] -- Build files have been written to: /home/pawel/Projects/differential_robot_ws/ros2_ws/build/differential_robot_bringup
[0.817s] Invoked command in '/home/pawel/Projects/differential_robot_ws/ros2_ws/build/differential_robot_bringup' returned '0': CMAKE_PREFIX_PATH=${CMAKE_PREFIX_PATH}:/opt/ros/jazzy DEBUGINFOD_URLS=https://debuginfod.ubuntu.com /usr/bin/cmake /home/pawel/Projects/differential_robot_ws/ros2_ws/src/differential_robot_bringup -DCMAKE_INSTALL_PREFIX=/home/pawel/Projects/differential_robot_ws/ros2_ws/install/differential_robot_bringup
[0.818s] Invoking command in '/home/pawel/Projects/differential_robot_ws/ros2_ws/build/differential_robot_bringup': CMAKE_PREFIX_PATH=${CMAKE_PREFIX_PATH}:/opt/ros/jazzy DEBUGINFOD_URLS=https://debuginfod.ubuntu.com /usr/bin/cmake --build /home/pawel/Projects/differential_robot_ws/ros2_ws/build/differential_robot_bringup -- -j12 -l12
[0.855s] Invoked command in '/home/pawel/Projects/differential_robot_ws/ros2_ws/build/differential_robot_bringup' returned '0': CMAKE_PREFIX_PATH=${CMAKE_PREFIX_PATH}:/opt/ros/jazzy DEBUGINFOD_URLS=https://debuginfod.ubuntu.com /usr/bin/cmake --build /home/pawel/Projects/differential_robot_ws/ros2_ws/build/differential_robot_bringup -- -j12 -l12
[0.856s] Invoking command in '/home/pawel/Projects/differential_robot_ws/ros2_ws/build/differential_robot_bringup': CMAKE_PREFIX_PATH=${CMAKE_PREFIX_PATH}:/opt/ros/jazzy DEBUGINFOD_URLS=https://debuginfod.ubuntu.com /usr/bin/cmake --install /home/pawel/Projects/differential_robot_ws/ros2_ws/build/differential_robot_bringup
[0.866s] -- Install configuration: ""
[0.866s] -- Installing: /home/pawel/Projects/differential_robot_ws/ros2_ws/install/differential_robot_bringup/share/ament_index/resource_index/package_run_dependencies/differential_robot_bringup
[0.866s] -- Installing: /home/pawel/Projects/differential_robot_ws/ros2_ws/install/differential_robot_bringup/share/ament_index/resource_index/parent_prefix_path/differential_robot_bringup
[0.866s] -- Installing: /home/pawel/Projects/differential_robot_ws/ros2_ws/install/differential_robot_bringup/share/differential_robot_bringup/environment/ament_prefix_path.sh
[0.866s] -- Installing: /home/pawel/Projects/differential_robot_ws/ros2_ws/install/differential_robot_bringup/share/differential_robot_bringup/environment/ament_prefix_path.dsv
[0.866s] -- Installing: /home/pawel/Projects/differential_robot_ws/ros2_ws/install/differential_robot_bringup/share/differential_robot_bringup/environment/path.sh
[0.867s] -- Installing: /home/pawel/Projects/differential_robot_ws/ros2_ws/install/differential_robot_bringup/share/differential_robot_bringup/environment/path.dsv
[0.867s] -- Installing: /home/pawel/Projects/differential_robot_ws/ros2_ws/install/differential_robot_bringup/share/differential_robot_bringup/local_setup.bash
[0.867s] -- Installing: /home/pawel/Projects/differential_robot_ws/ros2_ws/install/differential_robot_bringup/share/differential_robot_bringup/local_setup.sh
[0.867s] -- Installing: /home/pawel/Projects/differential_robot_ws/ros2_ws/install/differential_robot_bringup/share/differential_robot_bringup/local_setup.zsh
[0.867s] -- Installing: /home/pawel/Projects/differential_robot_ws/ros2_ws/install/differential_robot_bringup/share/differential_robot_bringup/local_setup.dsv
[0.867s] -- Installing: /home/pawel/Projects/differential_robot_ws/ros2_ws/install/differential_robot_bringup/share/differential_robot_bringup/package.dsv
[0.867s] -- Installing: /home/pawel/Projects/differential_robot_ws/ros2_ws/install/differential_robot_bringup/share/ament_index/resource_index/packages/differential_robot_bringup
[0.867s] -- Installing: /home/pawel/Projects/differential_robot_ws/ros2_ws/install/differential_robot_bringup/share/differential_robot_bringup/cmake/differential_robot_bringupConfig.cmake
[0.867s] -- Installing: /home/pawel/Projects/differential_robot_ws/ros2_ws/install/differential_robot_bringup/share/differential_robot_bringup/cmake/differential_robot_bringupConfig-version.cmake
[0.867s] -- Installing: /home/pawel/Projects/differential_robot_ws/ros2_ws/install/differential_robot_bringup/share/differential_robot_bringup/package.xml
[0.922s] Invoked command in '/home/pawel/Projects/differential_robot_ws/ros2_ws/build/differential_robot_bringup' returned '0': CMAKE_PREFIX_PATH=${CMAKE_PREFIX_PATH}:/opt/ros/jazzy DEBUGINFOD_URLS=https://debuginfod.ubuntu.com /usr/bin/cmake --install /home/pawel/Projects/differential_robot_ws/ros2_ws/build/differential_robot_bringup
