[0.014s] Invoking command in '/home/pawel/Projects/differential_robot_ws/ros2_ws/build/differential_robot_sim': CMAKE_PREFIX_PATH=${CMAKE_PREFIX_PATH}:/opt/ros/jazzy DEBUGINFOD_URLS=https://debuginfod.ubuntu.com /usr/bin/cmake /home/pawel/Projects/differential_robot_ws/ros2_ws/src/differential_robot_sim -DCMAKE_INSTALL_PREFIX=/home/pawel/Projects/differential_robot_ws/ros2_ws/install/differential_robot_sim
[0.140s] -- The C compiler identification is GNU 13.3.0
[0.234s] -- The CXX compiler identification is GNU 13.3.0
[0.249s] -- Detecting C compiler ABI info
[0.328s] -- Detecting C compiler ABI info - done
[0.337s] -- Check for working C compiler: /usr/bin/cc - skipped
[0.337s] -- Detecting C compile features
[0.337s] -- Detecting C compile features - done
[0.344s] -- Detecting CXX compiler ABI info
[0.425s] -- Detecting CXX compiler ABI info - done
[0.441s] -- Check for working CXX compiler: /usr/bin/c++ - skipped
[0.441s] -- Detecting CXX compile features
[0.442s] -- Detecting CXX compile features - done
[0.444s] -- Found ament_cmake: 2.5.6 (/opt/ros/jazzy/share/ament_cmake/cmake)
[0.581s] -- Found Python3: /usr/bin/python3 (found version "3.12.3") found components: Interpreter 
[0.676s] -- Found ament_lint_auto: 0.17.5 (/opt/ros/jazzy/share/ament_lint_auto/cmake)
[0.785s] -- Added test 'lint_cmake' to check CMake code style
[0.786s] -- Added test 'xmllint' to check XML markup files
[0.788s] -- Configuring done (0.8s)
[0.791s] -- Generating done (0.0s)
[0.794s] -- Build files have been written to: /home/pawel/Projects/differential_robot_ws/ros2_ws/build/differential_robot_sim
[0.803s] Invoked command in '/home/pawel/Projects/differential_robot_ws/ros2_ws/build/differential_robot_sim' returned '0': CMAKE_PREFIX_PATH=${CMAKE_PREFIX_PATH}:/opt/ros/jazzy DEBUGINFOD_URLS=https://debuginfod.ubuntu.com /usr/bin/cmake /home/pawel/Projects/differential_robot_ws/ros2_ws/src/differential_robot_sim -DCMAKE_INSTALL_PREFIX=/home/pawel/Projects/differential_robot_ws/ros2_ws/install/differential_robot_sim
[0.803s] Invoking command in '/home/pawel/Projects/differential_robot_ws/ros2_ws/build/differential_robot_sim': CMAKE_PREFIX_PATH=${CMAKE_PREFIX_PATH}:/opt/ros/jazzy DEBUGINFOD_URLS=https://debuginfod.ubuntu.com /usr/bin/cmake --build /home/pawel/Projects/differential_robot_ws/ros2_ws/build/differential_robot_sim -- -j12 -l12
[0.842s] Invoked command in '/home/pawel/Projects/differential_robot_ws/ros2_ws/build/differential_robot_sim' returned '0': CMAKE_PREFIX_PATH=${CMAKE_PREFIX_PATH}:/opt/ros/jazzy DEBUGINFOD_URLS=https://debuginfod.ubuntu.com /usr/bin/cmake --build /home/pawel/Projects/differential_robot_ws/ros2_ws/build/differential_robot_sim -- -j12 -l12
[0.847s] Invoking command in '/home/pawel/Projects/differential_robot_ws/ros2_ws/build/differential_robot_sim': CMAKE_PREFIX_PATH=${CMAKE_PREFIX_PATH}:/opt/ros/jazzy DEBUGINFOD_URLS=https://debuginfod.ubuntu.com /usr/bin/cmake --install /home/pawel/Projects/differential_robot_ws/ros2_ws/build/differential_robot_sim
[0.852s] -- Install configuration: ""
[0.852s] -- Installing: /home/pawel/Projects/differential_robot_ws/ros2_ws/install/differential_robot_sim/share/ament_index/resource_index/package_run_dependencies/differential_robot_sim
[0.852s] -- Installing: /home/pawel/Projects/differential_robot_ws/ros2_ws/install/differential_robot_sim/share/ament_index/resource_index/parent_prefix_path/differential_robot_sim
[0.852s] -- Installing: /home/pawel/Projects/differential_robot_ws/ros2_ws/install/differential_robot_sim/share/differential_robot_sim/environment/ament_prefix_path.sh
[0.852s] -- Installing: /home/pawel/Projects/differential_robot_ws/ros2_ws/install/differential_robot_sim/share/differential_robot_sim/environment/ament_prefix_path.dsv
[0.852s] -- Installing: /home/pawel/Projects/differential_robot_ws/ros2_ws/install/differential_robot_sim/share/differential_robot_sim/environment/path.sh
[0.852s] -- Installing: /home/pawel/Projects/differential_robot_ws/ros2_ws/install/differential_robot_sim/share/differential_robot_sim/environment/path.dsv
[0.852s] -- Installing: /home/pawel/Projects/differential_robot_ws/ros2_ws/install/differential_robot_sim/share/differential_robot_sim/local_setup.bash
[0.852s] -- Installing: /home/pawel/Projects/differential_robot_ws/ros2_ws/install/differential_robot_sim/share/differential_robot_sim/local_setup.sh
[0.853s] -- Installing: /home/pawel/Projects/differential_robot_ws/ros2_ws/install/differential_robot_sim/share/differential_robot_sim/local_setup.zsh
[0.853s] -- Installing: /home/pawel/Projects/differential_robot_ws/ros2_ws/install/differential_robot_sim/share/differential_robot_sim/local_setup.dsv
[0.853s] -- Installing: /home/pawel/Projects/differential_robot_ws/ros2_ws/install/differential_robot_sim/share/differential_robot_sim/package.dsv
[0.853s] -- Installing: /home/pawel/Projects/differential_robot_ws/ros2_ws/install/differential_robot_sim/share/ament_index/resource_index/packages/differential_robot_sim
[0.853s] -- Installing: /home/pawel/Projects/differential_robot_ws/ros2_ws/install/differential_robot_sim/share/differential_robot_sim/cmake/differential_robot_simConfig.cmake
[0.853s] -- Installing: /home/pawel/Projects/differential_robot_ws/ros2_ws/install/differential_robot_sim/share/differential_robot_sim/cmake/differential_robot_simConfig-version.cmake
[0.853s] -- Installing: /home/pawel/Projects/differential_robot_ws/ros2_ws/install/differential_robot_sim/share/differential_robot_sim/package.xml
[0.898s] Invoked command in '/home/pawel/Projects/differential_robot_ws/ros2_ws/build/differential_robot_sim' returned '0': CMAKE_PREFIX_PATH=${CMAKE_PREFIX_PATH}:/opt/ros/jazzy DEBUGINFOD_URLS=https://debuginfod.ubuntu.com /usr/bin/cmake --install /home/pawel/Projects/differential_robot_ws/ros2_ws/build/differential_robot_sim
