[0.091s] DEBUG:colcon:Command line arguments: ['/usr/bin/colcon', 'list']
[0.091s] DEBUG:colcon:Parsed command line arguments: Namespace(log_base=None, log_level=None, verb_name='list', build_base='build', ignore_user_meta=False, metas=['./colcon.meta'], base_paths=['.'], packages_ignore=None, packages_ignore_regex=None, paths=None, packages_up_to=None, packages_up_to_regex=None, packages_above=None, packages_above_and_dependencies=None, packages_above_depth=None, packages_select_by_dep=None, packages_skip_by_dep=None, packages_skip_up_to=None, packages_select_build_failed=False, packages_skip_build_finished=False, packages_select_test_failures=False, packages_skip_test_passed=False, packages_select=None, packages_skip=None, packages_select_regex=None, packages_skip_regex=None, packages_start=None, packages_end=None, allow_overriding=[], topological_order=False, names_only=False, paths_only=False, topological_graph=False, topological_graph_dot=False, topological_graph_density=False, topological_graph_legend=False, topological_graph_dot_cluster=False, topological_graph_dot_include_skipped=False, mixin_files=None, mixin=None, verb_parser=<colcon_mixin.mixin.mixin_argument.MixinArgumentDecorator object at 0x74c363693b30>, verb_extension=<colcon_package_information.verb.list.ListVerb object at 0x74c363692e70>, main=<bound method ListVerb.main of <colcon_package_information.verb.list.ListVerb object at 0x74c363692e70>>, mixin_verb=('list',))
[0.122s] Level 1:colcon.colcon_core.package_discovery:discover_packages(colcon_meta) check parameters
[0.122s] Level 1:colcon.colcon_core.package_discovery:discover_packages(recursive) check parameters
[0.122s] Level 1:colcon.colcon_core.package_discovery:discover_packages(ignore) check parameters
[0.122s] Level 1:colcon.colcon_core.package_discovery:discover_packages(path) check parameters
[0.122s] Level 1:colcon.colcon_core.package_discovery:discover_packages(colcon_meta) discover
[0.122s] Level 1:colcon.colcon_core.package_discovery:discover_packages(recursive) discover
[0.122s] INFO:colcon.colcon_core.package_discovery:Crawling recursively for packages in '/home/pawel/Projects/ROS2_projects'
[0.122s] Level 1:colcon.colcon_core.package_identification:_identify(.) by extensions ['ignore', 'ignore_ament_install']
[0.123s] Level 1:colcon.colcon_core.package_identification:_identify(.) by extension 'ignore'
[0.123s] Level 1:colcon.colcon_core.package_identification:_identify(.) by extension 'ignore_ament_install'
[0.123s] Level 1:colcon.colcon_core.package_identification:_identify(.) by extensions ['colcon_pkg']
[0.123s] Level 1:colcon.colcon_core.package_identification:_identify(.) by extension 'colcon_pkg'
[0.123s] Level 1:colcon.colcon_core.package_identification:_identify(.) by extensions ['colcon_meta']
[0.123s] Level 1:colcon.colcon_core.package_identification:_identify(.) by extension 'colcon_meta'
[0.123s] Level 1:colcon.colcon_core.package_identification:_identify(.) by extensions ['ros']
[0.123s] Level 1:colcon.colcon_core.package_identification:_identify(.) by extension 'ros'
[0.143s] Level 1:colcon.colcon_core.package_identification:_identify(.) by extensions ['cmake', 'python']
[0.143s] Level 1:colcon.colcon_core.package_identification:_identify(.) by extension 'cmake'
[0.143s] Level 1:colcon.colcon_core.package_identification:_identify(.) by extension 'python'
[0.143s] Level 1:colcon.colcon_core.package_identification:_identify(.) by extensions ['python_setup_py']
[0.143s] Level 1:colcon.colcon_core.package_identification:_identify(.) by extension 'python_setup_py'
[0.144s] Level 1:colcon.colcon_core.package_identification:_identify(entry_level) by extensions ['ignore', 'ignore_ament_install']
[0.144s] Level 1:colcon.colcon_core.package_identification:_identify(entry_level) by extension 'ignore'
[0.144s] Level 1:colcon.colcon_core.package_identification:_identify(entry_level) by extension 'ignore_ament_install'
[0.144s] Level 1:colcon.colcon_core.package_identification:_identify(entry_level) by extensions ['colcon_pkg']
[0.144s] Level 1:colcon.colcon_core.package_identification:_identify(entry_level) by extension 'colcon_pkg'
[0.144s] Level 1:colcon.colcon_core.package_identification:_identify(entry_level) by extensions ['colcon_meta']
[0.144s] Level 1:colcon.colcon_core.package_identification:_identify(entry_level) by extension 'colcon_meta'
[0.144s] Level 1:colcon.colcon_core.package_identification:_identify(entry_level) by extensions ['ros']
[0.144s] Level 1:colcon.colcon_core.package_identification:_identify(entry_level) by extension 'ros'
[0.144s] Level 1:colcon.colcon_core.package_identification:_identify(entry_level) by extensions ['cmake', 'python']
[0.144s] Level 1:colcon.colcon_core.package_identification:_identify(entry_level) by extension 'cmake'
[0.144s] Level 1:colcon.colcon_core.package_identification:_identify(entry_level) by extension 'python'
[0.144s] Level 1:colcon.colcon_core.package_identification:_identify(entry_level) by extensions ['python_setup_py']
[0.144s] Level 1:colcon.colcon_core.package_identification:_identify(entry_level) by extension 'python_setup_py'
[0.144s] Level 1:colcon.colcon_core.package_identification:_identify(entry_level/build) by extensions ['ignore', 'ignore_ament_install']
[0.144s] Level 1:colcon.colcon_core.package_identification:_identify(entry_level/build) by extension 'ignore'
[0.144s] Level 1:colcon.colcon_core.package_identification:_identify(entry_level/build) ignored
[0.144s] Level 1:colcon.colcon_core.package_identification:_identify(entry_level/install) by extensions ['ignore', 'ignore_ament_install']
[0.144s] Level 1:colcon.colcon_core.package_identification:_identify(entry_level/install) by extension 'ignore'
[0.145s] Level 1:colcon.colcon_core.package_identification:_identify(entry_level/install) ignored
[0.145s] Level 1:colcon.colcon_core.package_identification:_identify(entry_level/log) by extensions ['ignore', 'ignore_ament_install']
[0.145s] Level 1:colcon.colcon_core.package_identification:_identify(entry_level/log) by extension 'ignore'
[0.145s] Level 1:colcon.colcon_core.package_identification:_identify(entry_level/log) ignored
[0.145s] Level 1:colcon.colcon_core.package_identification:_identify(entry_level/src) by extensions ['ignore', 'ignore_ament_install']
[0.145s] Level 1:colcon.colcon_core.package_identification:_identify(entry_level/src) by extension 'ignore'
[0.145s] Level 1:colcon.colcon_core.package_identification:_identify(entry_level/src) by extension 'ignore_ament_install'
[0.145s] Level 1:colcon.colcon_core.package_identification:_identify(entry_level/src) by extensions ['colcon_pkg']
[0.145s] Level 1:colcon.colcon_core.package_identification:_identify(entry_level/src) by extension 'colcon_pkg'
[0.145s] Level 1:colcon.colcon_core.package_identification:_identify(entry_level/src) by extensions ['colcon_meta']
[0.145s] Level 1:colcon.colcon_core.package_identification:_identify(entry_level/src) by extension 'colcon_meta'
[0.145s] Level 1:colcon.colcon_core.package_identification:_identify(entry_level/src) by extensions ['ros']
[0.145s] Level 1:colcon.colcon_core.package_identification:_identify(entry_level/src) by extension 'ros'
[0.145s] Level 1:colcon.colcon_core.package_identification:_identify(entry_level/src) by extensions ['cmake', 'python']
[0.145s] Level 1:colcon.colcon_core.package_identification:_identify(entry_level/src) by extension 'cmake'
[0.145s] Level 1:colcon.colcon_core.package_identification:_identify(entry_level/src) by extension 'python'
[0.145s] Level 1:colcon.colcon_core.package_identification:_identify(entry_level/src) by extensions ['python_setup_py']
[0.145s] Level 1:colcon.colcon_core.package_identification:_identify(entry_level/src) by extension 'python_setup_py'
[0.145s] Level 1:colcon.colcon_core.package_identification:_identify(entry_level/src/entry_level) by extensions ['ignore', 'ignore_ament_install']
[0.145s] Level 1:colcon.colcon_core.package_identification:_identify(entry_level/src/entry_level) by extension 'ignore'
[0.145s] Level 1:colcon.colcon_core.package_identification:_identify(entry_level/src/entry_level) by extension 'ignore_ament_install'
[0.146s] Level 1:colcon.colcon_core.package_identification:_identify(entry_level/src/entry_level) by extensions ['colcon_pkg']
[0.146s] Level 1:colcon.colcon_core.package_identification:_identify(entry_level/src/entry_level) by extension 'colcon_pkg'
[0.146s] Level 1:colcon.colcon_core.package_identification:_identify(entry_level/src/entry_level) by extensions ['colcon_meta']
[0.146s] Level 1:colcon.colcon_core.package_identification:_identify(entry_level/src/entry_level) by extension 'colcon_meta'
[0.146s] Level 1:colcon.colcon_core.package_identification:_identify(entry_level/src/entry_level) by extensions ['ros']
[0.146s] Level 1:colcon.colcon_core.package_identification:_identify(entry_level/src/entry_level) by extension 'ros'
[0.148s] DEBUG:colcon.colcon_core.package_identification:Package 'entry_level/src/entry_level' with type 'ros.ament_python' and name 'entry_level'
[0.148s] Level 1:colcon.colcon_core.package_identification:_identify(log) by extensions ['ignore', 'ignore_ament_install']
[0.148s] Level 1:colcon.colcon_core.package_identification:_identify(log) by extension 'ignore'
[0.148s] Level 1:colcon.colcon_core.package_identification:_identify(log) ignored
[0.148s] Level 1:colcon.colcon_core.package_discovery:discover_packages(recursive) using defaults
[0.148s] Level 1:colcon.colcon_core.package_discovery:discover_packages(ignore) discover
[0.148s] Level 1:colcon.colcon_core.package_discovery:discover_packages(ignore) using defaults
[0.148s] Level 1:colcon.colcon_core.package_discovery:discover_packages(path) discover
[0.148s] Level 1:colcon.colcon_core.package_discovery:discover_packages(path) using defaults
