[0.015s] Invoking command in '/home/pawel/Projects/differential_robot_ws/ros2_ws/build/differential_robot_control': CMAKE_PREFIX_PATH=${CMAKE_PREFIX_PATH}:/opt/ros/jazzy DEBUGINFOD_URLS=https://debuginfod.ubuntu.com /usr/bin/cmake /home/pawel/Projects/differential_robot_ws/ros2_ws/src/differential_robot_control -DCMAKE_INSTALL_PREFIX=/home/pawel/Projects/differential_robot_ws/ros2_ws/install/differential_robot_control
[0.149s] -- The C compiler identification is GNU 13.3.0
[0.243s] -- The CXX compiler identification is GNU 13.3.0
[0.258s] -- Detecting C compiler ABI info
[0.341s] -- Detecting C compiler ABI info - done
[0.354s] -- Check for working C compiler: /usr/bin/cc - skipped
[0.354s] -- Detecting C compile features
[0.355s] -- Detecting C compile features - done
[0.362s] -- Detecting CXX compiler ABI info
[0.438s] -- Detecting CXX compiler ABI info - done
[0.447s] -- Check for working CXX compiler: /usr/bin/c++ - skipped
[0.447s] -- Detecting CXX compile features
[0.447s] -- Detecting CXX compile features - done
[0.449s] -- Found ament_cmake: 2.5.6 (/opt/ros/jazzy/share/ament_cmake/cmake)
[0.574s] -- Found Python3: /usr/bin/python3 (found version "3.12.3") found components: Interpreter 
[0.684s] -- Found ament_lint_auto: 0.17.5 (/opt/ros/jazzy/share/ament_lint_auto/cmake)
[0.794s] -- Added test 'lint_cmake' to check CMake code style
[0.795s] -- Added test 'xmllint' to check XML markup files
[0.796s] -- Configuring done (0.8s)
[0.799s] -- Generating done (0.0s)
[0.801s] -- Build files have been written to: /home/pawel/Projects/differential_robot_ws/ros2_ws/build/differential_robot_control
[0.806s] Invoked command in '/home/pawel/Projects/differential_robot_ws/ros2_ws/build/differential_robot_control' returned '0': CMAKE_PREFIX_PATH=${CMAKE_PREFIX_PATH}:/opt/ros/jazzy DEBUGINFOD_URLS=https://debuginfod.ubuntu.com /usr/bin/cmake /home/pawel/Projects/differential_robot_ws/ros2_ws/src/differential_robot_control -DCMAKE_INSTALL_PREFIX=/home/pawel/Projects/differential_robot_ws/ros2_ws/install/differential_robot_control
[0.807s] Invoking command in '/home/pawel/Projects/differential_robot_ws/ros2_ws/build/differential_robot_control': CMAKE_PREFIX_PATH=${CMAKE_PREFIX_PATH}:/opt/ros/jazzy DEBUGINFOD_URLS=https://debuginfod.ubuntu.com /usr/bin/cmake --build /home/pawel/Projects/differential_robot_ws/ros2_ws/build/differential_robot_control -- -j12 -l12
[0.836s] Invoked command in '/home/pawel/Projects/differential_robot_ws/ros2_ws/build/differential_robot_control' returned '0': CMAKE_PREFIX_PATH=${CMAKE_PREFIX_PATH}:/opt/ros/jazzy DEBUGINFOD_URLS=https://debuginfod.ubuntu.com /usr/bin/cmake --build /home/pawel/Projects/differential_robot_ws/ros2_ws/build/differential_robot_control -- -j12 -l12
[0.843s] Invoking command in '/home/pawel/Projects/differential_robot_ws/ros2_ws/build/differential_robot_control': CMAKE_PREFIX_PATH=${CMAKE_PREFIX_PATH}:/opt/ros/jazzy DEBUGINFOD_URLS=https://debuginfod.ubuntu.com /usr/bin/cmake --install /home/pawel/Projects/differential_robot_ws/ros2_ws/build/differential_robot_control
[0.849s] -- Install configuration: ""
[0.849s] -- Installing: /home/pawel/Projects/differential_robot_ws/ros2_ws/install/differential_robot_control/share/ament_index/resource_index/package_run_dependencies/differential_robot_control
[0.850s] -- Installing: /home/pawel/Projects/differential_robot_ws/ros2_ws/install/differential_robot_control/share/ament_index/resource_index/parent_prefix_path/differential_robot_control
[0.850s] -- Installing: /home/pawel/Projects/differential_robot_ws/ros2_ws/install/differential_robot_control/share/differential_robot_control/environment/ament_prefix_path.sh
[0.850s] -- Installing: /home/pawel/Projects/differential_robot_ws/ros2_ws/install/differential_robot_control/share/differential_robot_control/environment/ament_prefix_path.dsv
[0.850s] -- Installing: /home/pawel/Projects/differential_robot_ws/ros2_ws/install/differential_robot_control/share/differential_robot_control/environment/path.sh
[0.850s] -- Installing: /home/pawel/Projects/differential_robot_ws/ros2_ws/install/differential_robot_control/share/differential_robot_control/environment/path.dsv
[0.851s] -- Installing: /home/pawel/Projects/differential_robot_ws/ros2_ws/install/differential_robot_control/share/differential_robot_control/local_setup.bash
[0.851s] -- Installing: /home/pawel/Projects/differential_robot_ws/ros2_ws/install/differential_robot_control/share/differential_robot_control/local_setup.sh
[0.851s] -- Installing: /home/pawel/Projects/differential_robot_ws/ros2_ws/install/differential_robot_control/share/differential_robot_control/local_setup.zsh
[0.852s] -- Installing: /home/pawel/Projects/differential_robot_ws/ros2_ws/install/differential_robot_control/share/differential_robot_control/local_setup.dsv
[0.852s] -- Installing: /home/pawel/Projects/differential_robot_ws/ros2_ws/install/differential_robot_control/share/differential_robot_control/package.dsv
[0.853s] -- Installing: /home/pawel/Projects/differential_robot_ws/ros2_ws/install/differential_robot_control/share/ament_index/resource_index/packages/differential_robot_control
[0.853s] -- Installing: /home/pawel/Projects/differential_robot_ws/ros2_ws/install/differential_robot_control/share/differential_robot_control/cmake/differential_robot_controlConfig.cmake
[0.854s] -- Installing: /home/pawel/Projects/differential_robot_ws/ros2_ws/install/differential_robot_control/share/differential_robot_control/cmake/differential_robot_controlConfig-version.cmake
[0.854s] -- Installing: /home/pawel/Projects/differential_robot_ws/ros2_ws/install/differential_robot_control/share/differential_robot_control/package.xml
[0.859s] Invoked command in '/home/pawel/Projects/differential_robot_ws/ros2_ws/build/differential_robot_control' returned '0': CMAKE_PREFIX_PATH=${CMAKE_PREFIX_PATH}:/opt/ros/jazzy DEBUGINFOD_URLS=https://debuginfod.ubuntu.com /usr/bin/cmake --install /home/pawel/Projects/differential_robot_ws/ros2_ws/build/differential_robot_control
