[0.013s] Invoking command in '/home/pawel/Projects/differential_robot_ws/ros2_ws/build/differential_robot_navigation': CMAKE_PREFIX_PATH=${CMAKE_PREFIX_PATH}:/opt/ros/jazzy DEBUGINFOD_URLS=https://debuginfod.ubuntu.com /usr/bin/cmake /home/pawel/Projects/differential_robot_ws/ros2_ws/src/differential_robot_navigation -DCMAKE_INSTALL_PREFIX=/home/pawel/Projects/differential_robot_ws/ros2_ws/install/differential_robot_navigation
[0.145s] -- The C compiler identification is GNU 13.3.0
[0.239s] -- The CXX compiler identification is GNU 13.3.0
[0.254s] -- Detecting C compiler ABI info
[0.332s] -- Detecting C compiler ABI info - done
[0.344s] -- Check for working C compiler: /usr/bin/cc - skipped
[0.344s] -- Detecting C compile features
[0.345s] -- Detecting C compile features - done
[0.353s] -- Detecting CXX compiler ABI info
[0.429s] -- Detecting CXX compiler ABI info - done
[0.438s] -- Check for working CXX compiler: /usr/bin/c++ - skipped
[0.438s] -- Detecting CXX compile features
[0.438s] -- Detecting CXX compile features - done
[0.442s] -- Found ament_cmake: 2.5.6 (/opt/ros/jazzy/share/ament_cmake/cmake)
[0.568s] -- Found Python3: /usr/bin/python3 (found version "3.12.3") found components: Interpreter 
[0.687s] -- Found ament_lint_auto: 0.17.5 (/opt/ros/jazzy/share/ament_lint_auto/cmake)
[0.795s] -- Added test 'lint_cmake' to check CMake code style
[0.797s] -- Added test 'xmllint' to check XML markup files
[0.798s] -- Configuring done (0.8s)
[0.803s] -- Generating done (0.0s)
[0.804s] -- Build files have been written to: /home/pawel/Projects/differential_robot_ws/ros2_ws/build/differential_robot_navigation
[0.809s] Invoked command in '/home/pawel/Projects/differential_robot_ws/ros2_ws/build/differential_robot_navigation' returned '0': CMAKE_PREFIX_PATH=${CMAKE_PREFIX_PATH}:/opt/ros/jazzy DEBUGINFOD_URLS=https://debuginfod.ubuntu.com /usr/bin/cmake /home/pawel/Projects/differential_robot_ws/ros2_ws/src/differential_robot_navigation -DCMAKE_INSTALL_PREFIX=/home/pawel/Projects/differential_robot_ws/ros2_ws/install/differential_robot_navigation
[0.810s] Invoking command in '/home/pawel/Projects/differential_robot_ws/ros2_ws/build/differential_robot_navigation': CMAKE_PREFIX_PATH=${CMAKE_PREFIX_PATH}:/opt/ros/jazzy DEBUGINFOD_URLS=https://debuginfod.ubuntu.com /usr/bin/cmake --build /home/pawel/Projects/differential_robot_ws/ros2_ws/build/differential_robot_navigation -- -j12 -l12
[0.842s] Invoked command in '/home/pawel/Projects/differential_robot_ws/ros2_ws/build/differential_robot_navigation' returned '0': CMAKE_PREFIX_PATH=${CMAKE_PREFIX_PATH}:/opt/ros/jazzy DEBUGINFOD_URLS=https://debuginfod.ubuntu.com /usr/bin/cmake --build /home/pawel/Projects/differential_robot_ws/ros2_ws/build/differential_robot_navigation -- -j12 -l12
[0.843s] Invoking command in '/home/pawel/Projects/differential_robot_ws/ros2_ws/build/differential_robot_navigation': CMAKE_PREFIX_PATH=${CMAKE_PREFIX_PATH}:/opt/ros/jazzy DEBUGINFOD_URLS=https://debuginfod.ubuntu.com /usr/bin/cmake --install /home/pawel/Projects/differential_robot_ws/ros2_ws/build/differential_robot_navigation
[0.853s] -- Install configuration: ""
[0.853s] -- Installing: /home/pawel/Projects/differential_robot_ws/ros2_ws/install/differential_robot_navigation/share/ament_index/resource_index/package_run_dependencies/differential_robot_navigation
[0.853s] -- Installing: /home/pawel/Projects/differential_robot_ws/ros2_ws/install/differential_robot_navigation/share/ament_index/resource_index/parent_prefix_path/differential_robot_navigation
[0.854s] -- Installing: /home/pawel/Projects/differential_robot_ws/ros2_ws/install/differential_robot_navigation/share/differential_robot_navigation/environment/ament_prefix_path.sh
[0.854s] -- Installing: /home/pawel/Projects/differential_robot_ws/ros2_ws/install/differential_robot_navigation/share/differential_robot_navigation/environment/ament_prefix_path.dsv
[0.854s] -- Installing: /home/pawel/Projects/differential_robot_ws/ros2_ws/install/differential_robot_navigation/share/differential_robot_navigation/environment/path.sh
[0.854s] -- Installing: /home/pawel/Projects/differential_robot_ws/ros2_ws/install/differential_robot_navigation/share/differential_robot_navigation/environment/path.dsv
[0.854s] -- Installing: /home/pawel/Projects/differential_robot_ws/ros2_ws/install/differential_robot_navigation/share/differential_robot_navigation/local_setup.bash
[0.854s] -- Installing: /home/pawel/Projects/differential_robot_ws/ros2_ws/install/differential_robot_navigation/share/differential_robot_navigation/local_setup.sh
[0.854s] -- Installing: /home/pawel/Projects/differential_robot_ws/ros2_ws/install/differential_robot_navigation/share/differential_robot_navigation/local_setup.zsh
[0.854s] -- Installing: /home/pawel/Projects/differential_robot_ws/ros2_ws/install/differential_robot_navigation/share/differential_robot_navigation/local_setup.dsv
[0.854s] -- Installing: /home/pawel/Projects/differential_robot_ws/ros2_ws/install/differential_robot_navigation/share/differential_robot_navigation/package.dsv
[0.854s] -- Installing: /home/pawel/Projects/differential_robot_ws/ros2_ws/install/differential_robot_navigation/share/ament_index/resource_index/packages/differential_robot_navigation
[0.855s] -- Installing: /home/pawel/Projects/differential_robot_ws/ros2_ws/install/differential_robot_navigation/share/differential_robot_navigation/cmake/differential_robot_navigationConfig.cmake
[0.855s] -- Installing: /home/pawel/Projects/differential_robot_ws/ros2_ws/install/differential_robot_navigation/share/differential_robot_navigation/cmake/differential_robot_navigationConfig-version.cmake
[0.855s] -- Installing: /home/pawel/Projects/differential_robot_ws/ros2_ws/install/differential_robot_navigation/share/differential_robot_navigation/package.xml
[0.893s] Invoked command in '/home/pawel/Projects/differential_robot_ws/ros2_ws/build/differential_robot_navigation' returned '0': CMAKE_PREFIX_PATH=${CMAKE_PREFIX_PATH}:/opt/ros/jazzy DEBUGINFOD_URLS=https://debuginfod.ubuntu.com /usr/bin/cmake --install /home/pawel/Projects/differential_robot_ws/ros2_ws/build/differential_robot_navigation
