[0.013s] Invoking command in '/home/pawel/Projects/differential_robot_ws/ros2_ws/build/differential_robot_perceptron': CMAKE_PREFIX_PATH=${CMAKE_PREFIX_PATH}:/opt/ros/jazzy DEBUGINFOD_URLS=https://debuginfod.ubuntu.com /usr/bin/cmake /home/pawel/Projects/differential_robot_ws/ros2_ws/src/differential_robot_perceptron -DCMAKE_INSTALL_PREFIX=/home/pawel/Projects/differential_robot_ws/ros2_ws/install/differential_robot_perceptron
[0.144s] -- The C compiler identification is GNU 13.3.0
[0.236s] -- The CXX compiler identification is GNU 13.3.0
[0.252s] -- Detecting C compiler ABI info
[0.334s] -- Detecting C compiler ABI info - done
[0.343s] -- Check for working C compiler: /usr/bin/cc - skipped
[0.343s] -- Detecting C compile features
[0.343s] -- Detecting C compile features - done
[0.351s] -- Detecting CXX compiler ABI info
[0.427s] -- Detecting CXX compiler ABI info - done
[0.443s] -- Check for working CXX compiler: /usr/bin/c++ - skipped
[0.444s] -- Detecting CXX compile features
[0.444s] -- Detecting CXX compile features - done
[0.447s] -- Found ament_cmake: 2.5.6 (/opt/ros/jazzy/share/ament_cmake/cmake)
[0.575s] -- Found Python3: /usr/bin/python3 (found version "3.12.3") found components: Interpreter 
[0.678s] -- Found ament_lint_auto: 0.17.5 (/opt/ros/jazzy/share/ament_lint_auto/cmake)
[0.787s] -- Added test 'lint_cmake' to check CMake code style
[0.788s] -- Added test 'xmllint' to check XML markup files
[0.789s] -- Configuring done (0.8s)
[0.792s] -- Generating done (0.0s)
[0.794s] -- Build files have been written to: /home/pawel/Projects/differential_robot_ws/ros2_ws/build/differential_robot_perceptron
[0.801s] Invoked command in '/home/pawel/Projects/differential_robot_ws/ros2_ws/build/differential_robot_perceptron' returned '0': CMAKE_PREFIX_PATH=${CMAKE_PREFIX_PATH}:/opt/ros/jazzy DEBUGINFOD_URLS=https://debuginfod.ubuntu.com /usr/bin/cmake /home/pawel/Projects/differential_robot_ws/ros2_ws/src/differential_robot_perceptron -DCMAKE_INSTALL_PREFIX=/home/pawel/Projects/differential_robot_ws/ros2_ws/install/differential_robot_perceptron
[0.801s] Invoking command in '/home/pawel/Projects/differential_robot_ws/ros2_ws/build/differential_robot_perceptron': CMAKE_PREFIX_PATH=${CMAKE_PREFIX_PATH}:/opt/ros/jazzy DEBUGINFOD_URLS=https://debuginfod.ubuntu.com /usr/bin/cmake --build /home/pawel/Projects/differential_robot_ws/ros2_ws/build/differential_robot_perceptron -- -j12 -l12
[0.837s] Invoked command in '/home/pawel/Projects/differential_robot_ws/ros2_ws/build/differential_robot_perceptron' returned '0': CMAKE_PREFIX_PATH=${CMAKE_PREFIX_PATH}:/opt/ros/jazzy DEBUGINFOD_URLS=https://debuginfod.ubuntu.com /usr/bin/cmake --build /home/pawel/Projects/differential_robot_ws/ros2_ws/build/differential_robot_perceptron -- -j12 -l12
[0.838s] Invoking command in '/home/pawel/Projects/differential_robot_ws/ros2_ws/build/differential_robot_perceptron': CMAKE_PREFIX_PATH=${CMAKE_PREFIX_PATH}:/opt/ros/jazzy DEBUGINFOD_URLS=https://debuginfod.ubuntu.com /usr/bin/cmake --install /home/pawel/Projects/differential_robot_ws/ros2_ws/build/differential_robot_perceptron
[0.848s] -- Install configuration: ""
[0.848s] -- Installing: /home/pawel/Projects/differential_robot_ws/ros2_ws/install/differential_robot_perceptron/share/ament_index/resource_index/package_run_dependencies/differential_robot_perceptron
[0.849s] -- Installing: /home/pawel/Projects/differential_robot_ws/ros2_ws/install/differential_robot_perceptron/share/ament_index/resource_index/parent_prefix_path/differential_robot_perceptron
[0.849s] -- Installing: /home/pawel/Projects/differential_robot_ws/ros2_ws/install/differential_robot_perceptron/share/differential_robot_perceptron/environment/ament_prefix_path.sh
[0.849s] -- Installing: /home/pawel/Projects/differential_robot_ws/ros2_ws/install/differential_robot_perceptron/share/differential_robot_perceptron/environment/ament_prefix_path.dsv
[0.849s] -- Installing: /home/pawel/Projects/differential_robot_ws/ros2_ws/install/differential_robot_perceptron/share/differential_robot_perceptron/environment/path.sh
[0.849s] -- Installing: /home/pawel/Projects/differential_robot_ws/ros2_ws/install/differential_robot_perceptron/share/differential_robot_perceptron/environment/path.dsv
[0.849s] -- Installing: /home/pawel/Projects/differential_robot_ws/ros2_ws/install/differential_robot_perceptron/share/differential_robot_perceptron/local_setup.bash
[0.850s] -- Installing: /home/pawel/Projects/differential_robot_ws/ros2_ws/install/differential_robot_perceptron/share/differential_robot_perceptron/local_setup.sh
[0.850s] -- Installing: /home/pawel/Projects/differential_robot_ws/ros2_ws/install/differential_robot_perceptron/share/differential_robot_perceptron/local_setup.zsh
[0.850s] -- Installing: /home/pawel/Projects/differential_robot_ws/ros2_ws/install/differential_robot_perceptron/share/differential_robot_perceptron/local_setup.dsv
[0.851s] -- Installing: /home/pawel/Projects/differential_robot_ws/ros2_ws/install/differential_robot_perceptron/share/differential_robot_perceptron/package.dsv
[0.851s] -- Installing: /home/pawel/Projects/differential_robot_ws/ros2_ws/install/differential_robot_perceptron/share/ament_index/resource_index/packages/differential_robot_perceptron
[0.851s] -- Installing: /home/pawel/Projects/differential_robot_ws/ros2_ws/install/differential_robot_perceptron/share/differential_robot_perceptron/cmake/differential_robot_perceptronConfig.cmake
[0.851s] -- Installing: /home/pawel/Projects/differential_robot_ws/ros2_ws/install/differential_robot_perceptron/share/differential_robot_perceptron/cmake/differential_robot_perceptronConfig-version.cmake
[0.851s] -- Installing: /home/pawel/Projects/differential_robot_ws/ros2_ws/install/differential_robot_perceptron/share/differential_robot_perceptron/package.xml
[0.881s] Invoked command in '/home/pawel/Projects/differential_robot_ws/ros2_ws/build/differential_robot_perceptron' returned '0': CMAKE_PREFIX_PATH=${CMAKE_PREFIX_PATH}:/opt/ros/jazzy DEBUGINFOD_URLS=https://debuginfod.ubuntu.com /usr/bin/cmake --install /home/pawel/Projects/differential_robot_ws/ros2_ws/build/differential_robot_perceptron
