[0.091s] DEBUG:colcon:Command line arguments: ['/usr/bin/colcon', 'build']
[0.091s] DEBUG:colcon:Parsed command line arguments: Namespace(log_base=None, log_level=None, verb_name='build', build_base='build', install_base='install', merge_install=False, symlink_install=False, test_result_base=None, continue_on_error=False, executor='parallel', parallel_workers=12, event_handlers=None, ignore_user_meta=False, metas=['./colcon.meta'], base_paths=['.'], packages_ignore=None, packages_ignore_regex=None, paths=None, packages_up_to=None, packages_up_to_regex=None, packages_above=None, packages_above_and_dependencies=None, packages_above_depth=None, packages_select_by_dep=None, packages_skip_by_dep=None, packages_skip_up_to=None, packages_select_build_failed=False, packages_skip_build_finished=False, packages_select_test_failures=False, packages_skip_test_passed=False, packages_select=None, packages_skip=None, packages_select_regex=None, packages_skip_regex=None, packages_start=None, packages_end=None, allow_overriding=[], cmake_args=None, cmake_target=None, cmake_target_skip_unavailable=False, cmake_clean_cache=False, cmake_clean_first=False, cmake_force_configure=False, ament_cmake_args=None, catkin_cmake_args=None, catkin_skip_building_tests=False, mixin_files=None, mixin=None, verb_parser=<colcon_mixin.mixin.mixin_argument.MixinArgumentDecorator object at 0x70b7f3b97200>, verb_extension=<colcon_core.verb.build.BuildVerb object at 0x70b7f3b697c0>, main=<bound method BuildVerb.main of <colcon_core.verb.build.BuildVerb object at 0x70b7f3b697c0>>, mixin_verb=('build',))
[0.150s] Level 1:colcon.colcon_core.package_discovery:discover_packages(colcon_meta) check parameters
[0.150s] Level 1:colcon.colcon_core.package_discovery:discover_packages(recursive) check parameters
[0.150s] Level 1:colcon.colcon_core.package_discovery:discover_packages(ignore) check parameters
[0.150s] Level 1:colcon.colcon_core.package_discovery:discover_packages(path) check parameters
[0.150s] Level 1:colcon.colcon_core.package_discovery:discover_packages(colcon_meta) discover
[0.150s] Level 1:colcon.colcon_core.package_discovery:discover_packages(recursive) discover
[0.150s] INFO:colcon.colcon_core.package_discovery:Crawling recursively for packages in '/home/pawel/Projects/differential_robot_ws/ros2_ws'
[0.150s] Level 1:colcon.colcon_core.package_identification:_identify(.) by extensions ['ignore', 'ignore_ament_install']
[0.150s] Level 1:colcon.colcon_core.package_identification:_identify(.) by extension 'ignore'
[0.150s] Level 1:colcon.colcon_core.package_identification:_identify(.) by extension 'ignore_ament_install'
[0.150s] Level 1:colcon.colcon_core.package_identification:_identify(.) by extensions ['colcon_pkg']
[0.150s] Level 1:colcon.colcon_core.package_identification:_identify(.) by extension 'colcon_pkg'
[0.150s] Level 1:colcon.colcon_core.package_identification:_identify(.) by extensions ['colcon_meta']
[0.150s] Level 1:colcon.colcon_core.package_identification:_identify(.) by extension 'colcon_meta'
[0.150s] Level 1:colcon.colcon_core.package_identification:_identify(.) by extensions ['ros']
[0.151s] Level 1:colcon.colcon_core.package_identification:_identify(.) by extension 'ros'
[0.171s] Level 1:colcon.colcon_core.package_identification:_identify(.) by extensions ['cmake', 'python']
[0.171s] Level 1:colcon.colcon_core.package_identification:_identify(.) by extension 'cmake'
[0.171s] Level 1:colcon.colcon_core.package_identification:_identify(.) by extension 'python'
[0.171s] Level 1:colcon.colcon_core.package_identification:_identify(.) by extensions ['python_setup_py']
[0.171s] Level 1:colcon.colcon_core.package_identification:_identify(.) by extension 'python_setup_py'
[0.171s] Level 1:colcon.colcon_core.package_identification:_identify(build) by extensions ['ignore', 'ignore_ament_install']
[0.171s] Level 1:colcon.colcon_core.package_identification:_identify(build) by extension 'ignore'
[0.171s] Level 1:colcon.colcon_core.package_identification:_identify(build) ignored
[0.171s] Level 1:colcon.colcon_core.package_identification:_identify(install) by extensions ['ignore', 'ignore_ament_install']
[0.171s] Level 1:colcon.colcon_core.package_identification:_identify(install) by extension 'ignore'
[0.171s] Level 1:colcon.colcon_core.package_identification:_identify(install) ignored
[0.172s] Level 1:colcon.colcon_core.package_identification:_identify(log) by extensions ['ignore', 'ignore_ament_install']
[0.172s] Level 1:colcon.colcon_core.package_identification:_identify(log) by extension 'ignore'
[0.172s] Level 1:colcon.colcon_core.package_identification:_identify(log) ignored
[0.172s] Level 1:colcon.colcon_core.package_identification:_identify(src) by extensions ['ignore', 'ignore_ament_install']
[0.172s] Level 1:colcon.colcon_core.package_identification:_identify(src) by extension 'ignore'
[0.172s] Level 1:colcon.colcon_core.package_identification:_identify(src) by extension 'ignore_ament_install'
[0.172s] Level 1:colcon.colcon_core.package_identification:_identify(src) by extensions ['colcon_pkg']
[0.172s] Level 1:colcon.colcon_core.package_identification:_identify(src) by extension 'colcon_pkg'
[0.172s] Level 1:colcon.colcon_core.package_identification:_identify(src) by extensions ['colcon_meta']
[0.172s] Level 1:colcon.colcon_core.package_identification:_identify(src) by extension 'colcon_meta'
[0.172s] Level 1:colcon.colcon_core.package_identification:_identify(src) by extensions ['ros']
[0.172s] Level 1:colcon.colcon_core.package_identification:_identify(src) by extension 'ros'
[0.172s] Level 1:colcon.colcon_core.package_identification:_identify(src) by extensions ['cmake', 'python']
[0.172s] Level 1:colcon.colcon_core.package_identification:_identify(src) by extension 'cmake'
[0.172s] Level 1:colcon.colcon_core.package_identification:_identify(src) by extension 'python'
[0.172s] Level 1:colcon.colcon_core.package_identification:_identify(src) by extensions ['python_setup_py']
[0.172s] Level 1:colcon.colcon_core.package_identification:_identify(src) by extension 'python_setup_py'
[0.172s] Level 1:colcon.colcon_core.package_identification:_identify(src/differential_robot_bringup) by extensions ['ignore', 'ignore_ament_install']
[0.172s] Level 1:colcon.colcon_core.package_identification:_identify(src/differential_robot_bringup) by extension 'ignore'
[0.172s] Level 1:colcon.colcon_core.package_identification:_identify(src/differential_robot_bringup) by extension 'ignore_ament_install'
[0.173s] Level 1:colcon.colcon_core.package_identification:_identify(src/differential_robot_bringup) by extensions ['colcon_pkg']
[0.173s] Level 1:colcon.colcon_core.package_identification:_identify(src/differential_robot_bringup) by extension 'colcon_pkg'
[0.173s] Level 1:colcon.colcon_core.package_identification:_identify(src/differential_robot_bringup) by extensions ['colcon_meta']
[0.173s] Level 1:colcon.colcon_core.package_identification:_identify(src/differential_robot_bringup) by extension 'colcon_meta'
[0.173s] Level 1:colcon.colcon_core.package_identification:_identify(src/differential_robot_bringup) by extensions ['ros']
[0.173s] Level 1:colcon.colcon_core.package_identification:_identify(src/differential_robot_bringup) by extension 'ros'
[0.175s] DEBUG:colcon.colcon_core.package_identification:Package 'src/differential_robot_bringup' with type 'ros.ament_cmake' and name 'differential_robot_bringup'
[0.175s] Level 1:colcon.colcon_core.package_identification:_identify(src/differential_robot_control) by extensions ['ignore', 'ignore_ament_install']
[0.175s] Level 1:colcon.colcon_core.package_identification:_identify(src/differential_robot_control) by extension 'ignore'
[0.175s] Level 1:colcon.colcon_core.package_identification:_identify(src/differential_robot_control) by extension 'ignore_ament_install'
[0.176s] Level 1:colcon.colcon_core.package_identification:_identify(src/differential_robot_control) by extensions ['colcon_pkg']
[0.176s] Level 1:colcon.colcon_core.package_identification:_identify(src/differential_robot_control) by extension 'colcon_pkg'
[0.176s] Level 1:colcon.colcon_core.package_identification:_identify(src/differential_robot_control) by extensions ['colcon_meta']
[0.176s] Level 1:colcon.colcon_core.package_identification:_identify(src/differential_robot_control) by extension 'colcon_meta'
[0.176s] Level 1:colcon.colcon_core.package_identification:_identify(src/differential_robot_control) by extensions ['ros']
[0.176s] Level 1:colcon.colcon_core.package_identification:_identify(src/differential_robot_control) by extension 'ros'
[0.176s] DEBUG:colcon.colcon_core.package_identification:Package 'src/differential_robot_control' with type 'ros.ament_cmake' and name 'differential_robot_control'
[0.176s] Level 1:colcon.colcon_core.package_identification:_identify(src/differential_robot_description) by extensions ['ignore', 'ignore_ament_install']
[0.176s] Level 1:colcon.colcon_core.package_identification:_identify(src/differential_robot_description) by extension 'ignore'
[0.176s] Level 1:colcon.colcon_core.package_identification:_identify(src/differential_robot_description) by extension 'ignore_ament_install'
[0.176s] Level 1:colcon.colcon_core.package_identification:_identify(src/differential_robot_description) by extensions ['colcon_pkg']
[0.176s] Level 1:colcon.colcon_core.package_identification:_identify(src/differential_robot_description) by extension 'colcon_pkg'
[0.176s] Level 1:colcon.colcon_core.package_identification:_identify(src/differential_robot_description) by extensions ['colcon_meta']
[0.176s] Level 1:colcon.colcon_core.package_identification:_identify(src/differential_robot_description) by extension 'colcon_meta'
[0.176s] Level 1:colcon.colcon_core.package_identification:_identify(src/differential_robot_description) by extensions ['ros']
[0.176s] Level 1:colcon.colcon_core.package_identification:_identify(src/differential_robot_description) by extension 'ros'
[0.177s] DEBUG:colcon.colcon_core.package_identification:Package 'src/differential_robot_description' with type 'ros.ament_cmake' and name 'differential_robot_description'
[0.177s] Level 1:colcon.colcon_core.package_identification:_identify(src/differential_robot_navigation) by extensions ['ignore', 'ignore_ament_install']
[0.177s] Level 1:colcon.colcon_core.package_identification:_identify(src/differential_robot_navigation) by extension 'ignore'
[0.177s] Level 1:colcon.colcon_core.package_identification:_identify(src/differential_robot_navigation) by extension 'ignore_ament_install'
[0.177s] Level 1:colcon.colcon_core.package_identification:_identify(src/differential_robot_navigation) by extensions ['colcon_pkg']
[0.177s] Level 1:colcon.colcon_core.package_identification:_identify(src/differential_robot_navigation) by extension 'colcon_pkg'
[0.177s] Level 1:colcon.colcon_core.package_identification:_identify(src/differential_robot_navigation) by extensions ['colcon_meta']
[0.177s] Level 1:colcon.colcon_core.package_identification:_identify(src/differential_robot_navigation) by extension 'colcon_meta'
[0.177s] Level 1:colcon.colcon_core.package_identification:_identify(src/differential_robot_navigation) by extensions ['ros']
[0.177s] Level 1:colcon.colcon_core.package_identification:_identify(src/differential_robot_navigation) by extension 'ros'
[0.177s] DEBUG:colcon.colcon_core.package_identification:Package 'src/differential_robot_navigation' with type 'ros.ament_cmake' and name 'differential_robot_navigation'
[0.178s] Level 1:colcon.colcon_core.package_identification:_identify(src/differential_robot_perceptron) by extensions ['ignore', 'ignore_ament_install']
[0.178s] Level 1:colcon.colcon_core.package_identification:_identify(src/differential_robot_perceptron) by extension 'ignore'
[0.178s] Level 1:colcon.colcon_core.package_identification:_identify(src/differential_robot_perceptron) by extension 'ignore_ament_install'
[0.178s] Level 1:colcon.colcon_core.package_identification:_identify(src/differential_robot_perceptron) by extensions ['colcon_pkg']
[0.178s] Level 1:colcon.colcon_core.package_identification:_identify(src/differential_robot_perceptron) by extension 'colcon_pkg'
[0.178s] Level 1:colcon.colcon_core.package_identification:_identify(src/differential_robot_perceptron) by extensions ['colcon_meta']
[0.178s] Level 1:colcon.colcon_core.package_identification:_identify(src/differential_robot_perceptron) by extension 'colcon_meta'
[0.178s] Level 1:colcon.colcon_core.package_identification:_identify(src/differential_robot_perceptron) by extensions ['ros']
[0.178s] Level 1:colcon.colcon_core.package_identification:_identify(src/differential_robot_perceptron) by extension 'ros'
[0.178s] DEBUG:colcon.colcon_core.package_identification:Package 'src/differential_robot_perceptron' with type 'ros.ament_cmake' and name 'differential_robot_perceptron'
[0.178s] Level 1:colcon.colcon_core.package_identification:_identify(src/differential_robot_sim) by extensions ['ignore', 'ignore_ament_install']
[0.178s] Level 1:colcon.colcon_core.package_identification:_identify(src/differential_robot_sim) by extension 'ignore'
[0.178s] Level 1:colcon.colcon_core.package_identification:_identify(src/differential_robot_sim) by extension 'ignore_ament_install'
[0.179s] Level 1:colcon.colcon_core.package_identification:_identify(src/differential_robot_sim) by extensions ['colcon_pkg']
[0.179s] Level 1:colcon.colcon_core.package_identification:_identify(src/differential_robot_sim) by extension 'colcon_pkg'
[0.179s] Level 1:colcon.colcon_core.package_identification:_identify(src/differential_robot_sim) by extensions ['colcon_meta']
[0.179s] Level 1:colcon.colcon_core.package_identification:_identify(src/differential_robot_sim) by extension 'colcon_meta'
[0.179s] Level 1:colcon.colcon_core.package_identification:_identify(src/differential_robot_sim) by extensions ['ros']
[0.179s] Level 1:colcon.colcon_core.package_identification:_identify(src/differential_robot_sim) by extension 'ros'
[0.179s] DEBUG:colcon.colcon_core.package_identification:Package 'src/differential_robot_sim' with type 'ros.ament_cmake' and name 'differential_robot_sim'
[0.179s] Level 1:colcon.colcon_core.package_discovery:discover_packages(recursive) using defaults
[0.179s] Level 1:colcon.colcon_core.package_discovery:discover_packages(ignore) discover
[0.179s] Level 1:colcon.colcon_core.package_discovery:discover_packages(ignore) using defaults
[0.179s] Level 1:colcon.colcon_core.package_discovery:discover_packages(path) discover
[0.179s] Level 1:colcon.colcon_core.package_discovery:discover_packages(path) using defaults
[0.200s] Level 1:colcon.colcon_core.package_discovery:discover_packages(prefix_path) check parameters
[0.200s] Level 1:colcon.colcon_core.package_discovery:discover_packages(prefix_path) discover
[0.203s] DEBUG:colcon.colcon_installed_package_information.package_discovery:Found 287 installed packages in /opt/ros/jazzy
[0.204s] Level 1:colcon.colcon_core.package_discovery:discover_packages(prefix_path) using defaults
[0.243s] Level 5:colcon.colcon_core.verb:set package 'differential_robot_bringup' build argument 'cmake_args' from command line to 'None'
[0.243s] Level 5:colcon.colcon_core.verb:set package 'differential_robot_bringup' build argument 'cmake_target' from command line to 'None'
[0.243s] Level 5:colcon.colcon_core.verb:set package 'differential_robot_bringup' build argument 'cmake_target_skip_unavailable' from command line to 'False'
[0.243s] Level 5:colcon.colcon_core.verb:set package 'differential_robot_bringup' build argument 'cmake_clean_cache' from command line to 'False'
[0.243s] Level 5:colcon.colcon_core.verb:set package 'differential_robot_bringup' build argument 'cmake_clean_first' from command line to 'False'
[0.243s] Level 5:colcon.colcon_core.verb:set package 'differential_robot_bringup' build argument 'cmake_force_configure' from command line to 'False'
[0.243s] Level 5:colcon.colcon_core.verb:set package 'differential_robot_bringup' build argument 'ament_cmake_args' from command line to 'None'
[0.243s] Level 5:colcon.colcon_core.verb:set package 'differential_robot_bringup' build argument 'catkin_cmake_args' from command line to 'None'
[0.243s] Level 5:colcon.colcon_core.verb:set package 'differential_robot_bringup' build argument 'catkin_skip_building_tests' from command line to 'False'
[0.243s] DEBUG:colcon.colcon_core.verb:Building package 'differential_robot_bringup' with the following arguments: {'ament_cmake_args': None, 'build_base': '/home/pawel/Projects/differential_robot_ws/ros2_ws/build/differential_robot_bringup', 'catkin_cmake_args': None, 'catkin_skip_building_tests': False, 'cmake_args': None, 'cmake_clean_cache': False, 'cmake_clean_first': False, 'cmake_force_configure': False, 'cmake_target': None, 'cmake_target_skip_unavailable': False, 'install_base': '/home/pawel/Projects/differential_robot_ws/ros2_ws/install/differential_robot_bringup', 'merge_install': False, 'path': '/home/pawel/Projects/differential_robot_ws/ros2_ws/src/differential_robot_bringup', 'symlink_install': False, 'test_result_base': None}
[0.243s] Level 5:colcon.colcon_core.verb:set package 'differential_robot_control' build argument 'cmake_args' from command line to 'None'
[0.243s] Level 5:colcon.colcon_core.verb:set package 'differential_robot_control' build argument 'cmake_target' from command line to 'None'
[0.243s] Level 5:colcon.colcon_core.verb:set package 'differential_robot_control' build argument 'cmake_target_skip_unavailable' from command line to 'False'
[0.243s] Level 5:colcon.colcon_core.verb:set package 'differential_robot_control' build argument 'cmake_clean_cache' from command line to 'False'
[0.243s] Level 5:colcon.colcon_core.verb:set package 'differential_robot_control' build argument 'cmake_clean_first' from command line to 'False'
[0.243s] Level 5:colcon.colcon_core.verb:set package 'differential_robot_control' build argument 'cmake_force_configure' from command line to 'False'
[0.243s] Level 5:colcon.colcon_core.verb:set package 'differential_robot_control' build argument 'ament_cmake_args' from command line to 'None'
[0.243s] Level 5:colcon.colcon_core.verb:set package 'differential_robot_control' build argument 'catkin_cmake_args' from command line to 'None'
[0.243s] Level 5:colcon.colcon_core.verb:set package 'differential_robot_control' build argument 'catkin_skip_building_tests' from command line to 'False'
[0.243s] DEBUG:colcon.colcon_core.verb:Building package 'differential_robot_control' with the following arguments: {'ament_cmake_args': None, 'build_base': '/home/pawel/Projects/differential_robot_ws/ros2_ws/build/differential_robot_control', 'catkin_cmake_args': None, 'catkin_skip_building_tests': False, 'cmake_args': None, 'cmake_clean_cache': False, 'cmake_clean_first': False, 'cmake_force_configure': False, 'cmake_target': None, 'cmake_target_skip_unavailable': False, 'install_base': '/home/pawel/Projects/differential_robot_ws/ros2_ws/install/differential_robot_control', 'merge_install': False, 'path': '/home/pawel/Projects/differential_robot_ws/ros2_ws/src/differential_robot_control', 'symlink_install': False, 'test_result_base': None}
[0.244s] Level 5:colcon.colcon_core.verb:set package 'differential_robot_description' build argument 'cmake_args' from command line to 'None'
[0.244s] Level 5:colcon.colcon_core.verb:set package 'differential_robot_description' build argument 'cmake_target' from command line to 'None'
[0.244s] Level 5:colcon.colcon_core.verb:set package 'differential_robot_description' build argument 'cmake_target_skip_unavailable' from command line to 'False'
[0.244s] Level 5:colcon.colcon_core.verb:set package 'differential_robot_description' build argument 'cmake_clean_cache' from command line to 'False'
[0.244s] Level 5:colcon.colcon_core.verb:set package 'differential_robot_description' build argument 'cmake_clean_first' from command line to 'False'
[0.244s] Level 5:colcon.colcon_core.verb:set package 'differential_robot_description' build argument 'cmake_force_configure' from command line to 'False'
[0.244s] Level 5:colcon.colcon_core.verb:set package 'differential_robot_description' build argument 'ament_cmake_args' from command line to 'None'
[0.244s] Level 5:colcon.colcon_core.verb:set package 'differential_robot_description' build argument 'catkin_cmake_args' from command line to 'None'
[0.244s] Level 5:colcon.colcon_core.verb:set package 'differential_robot_description' build argument 'catkin_skip_building_tests' from command line to 'False'
[0.244s] DEBUG:colcon.colcon_core.verb:Building package 'differential_robot_description' with the following arguments: {'ament_cmake_args': None, 'build_base': '/home/pawel/Projects/differential_robot_ws/ros2_ws/build/differential_robot_description', 'catkin_cmake_args': None, 'catkin_skip_building_tests': False, 'cmake_args': None, 'cmake_clean_cache': False, 'cmake_clean_first': False, 'cmake_force_configure': False, 'cmake_target': None, 'cmake_target_skip_unavailable': False, 'install_base': '/home/pawel/Projects/differential_robot_ws/ros2_ws/install/differential_robot_description', 'merge_install': False, 'path': '/home/pawel/Projects/differential_robot_ws/ros2_ws/src/differential_robot_description', 'symlink_install': False, 'test_result_base': None}
[0.244s] Level 5:colcon.colcon_core.verb:set package 'differential_robot_navigation' build argument 'cmake_args' from command line to 'None'
[0.244s] Level 5:colcon.colcon_core.verb:set package 'differential_robot_navigation' build argument 'cmake_target' from command line to 'None'
[0.244s] Level 5:colcon.colcon_core.verb:set package 'differential_robot_navigation' build argument 'cmake_target_skip_unavailable' from command line to 'False'
[0.244s] Level 5:colcon.colcon_core.verb:set package 'differential_robot_navigation' build argument 'cmake_clean_cache' from command line to 'False'
[0.244s] Level 5:colcon.colcon_core.verb:set package 'differential_robot_navigation' build argument 'cmake_clean_first' from command line to 'False'
[0.244s] Level 5:colcon.colcon_core.verb:set package 'differential_robot_navigation' build argument 'cmake_force_configure' from command line to 'False'
[0.244s] Level 5:colcon.colcon_core.verb:set package 'differential_robot_navigation' build argument 'ament_cmake_args' from command line to 'None'
[0.244s] Level 5:colcon.colcon_core.verb:set package 'differential_robot_navigation' build argument 'catkin_cmake_args' from command line to 'None'
[0.244s] Level 5:colcon.colcon_core.verb:set package 'differential_robot_navigation' build argument 'catkin_skip_building_tests' from command line to 'False'
[0.244s] DEBUG:colcon.colcon_core.verb:Building package 'differential_robot_navigation' with the following arguments: {'ament_cmake_args': None, 'build_base': '/home/pawel/Projects/differential_robot_ws/ros2_ws/build/differential_robot_navigation', 'catkin_cmake_args': None, 'catkin_skip_building_tests': False, 'cmake_args': None, 'cmake_clean_cache': False, 'cmake_clean_first': False, 'cmake_force_configure': False, 'cmake_target': None, 'cmake_target_skip_unavailable': False, 'install_base': '/home/pawel/Projects/differential_robot_ws/ros2_ws/install/differential_robot_navigation', 'merge_install': False, 'path': '/home/pawel/Projects/differential_robot_ws/ros2_ws/src/differential_robot_navigation', 'symlink_install': False, 'test_result_base': None}
[0.244s] Level 5:colcon.colcon_core.verb:set package 'differential_robot_perceptron' build argument 'cmake_args' from command line to 'None'
[0.244s] Level 5:colcon.colcon_core.verb:set package 'differential_robot_perceptron' build argument 'cmake_target' from command line to 'None'
[0.244s] Level 5:colcon.colcon_core.verb:set package 'differential_robot_perceptron' build argument 'cmake_target_skip_unavailable' from command line to 'False'
[0.244s] Level 5:colcon.colcon_core.verb:set package 'differential_robot_perceptron' build argument 'cmake_clean_cache' from command line to 'False'
[0.244s] Level 5:colcon.colcon_core.verb:set package 'differential_robot_perceptron' build argument 'cmake_clean_first' from command line to 'False'
[0.245s] Level 5:colcon.colcon_core.verb:set package 'differential_robot_perceptron' build argument 'cmake_force_configure' from command line to 'False'
[0.245s] Level 5:colcon.colcon_core.verb:set package 'differential_robot_perceptron' build argument 'ament_cmake_args' from command line to 'None'
[0.245s] Level 5:colcon.colcon_core.verb:set package 'differential_robot_perceptron' build argument 'catkin_cmake_args' from command line to 'None'
[0.245s] Level 5:colcon.colcon_core.verb:set package 'differential_robot_perceptron' build argument 'catkin_skip_building_tests' from command line to 'False'
[0.245s] DEBUG:colcon.colcon_core.verb:Building package 'differential_robot_perceptron' with the following arguments: {'ament_cmake_args': None, 'build_base': '/home/pawel/Projects/differential_robot_ws/ros2_ws/build/differential_robot_perceptron', 'catkin_cmake_args': None, 'catkin_skip_building_tests': False, 'cmake_args': None, 'cmake_clean_cache': False, 'cmake_clean_first': False, 'cmake_force_configure': False, 'cmake_target': None, 'cmake_target_skip_unavailable': False, 'install_base': '/home/pawel/Projects/differential_robot_ws/ros2_ws/install/differential_robot_perceptron', 'merge_install': False, 'path': '/home/pawel/Projects/differential_robot_ws/ros2_ws/src/differential_robot_perceptron', 'symlink_install': False, 'test_result_base': None}
[0.245s] Level 5:colcon.colcon_core.verb:set package 'differential_robot_sim' build argument 'cmake_args' from command line to 'None'
[0.245s] Level 5:colcon.colcon_core.verb:set package 'differential_robot_sim' build argument 'cmake_target' from command line to 'None'
[0.245s] Level 5:colcon.colcon_core.verb:set package 'differential_robot_sim' build argument 'cmake_target_skip_unavailable' from command line to 'False'
[0.245s] Level 5:colcon.colcon_core.verb:set package 'differential_robot_sim' build argument 'cmake_clean_cache' from command line to 'False'
[0.245s] Level 5:colcon.colcon_core.verb:set package 'differential_robot_sim' build argument 'cmake_clean_first' from command line to 'False'
[0.245s] Level 5:colcon.colcon_core.verb:set package 'differential_robot_sim' build argument 'cmake_force_configure' from command line to 'False'
[0.245s] Level 5:colcon.colcon_core.verb:set package 'differential_robot_sim' build argument 'ament_cmake_args' from command line to 'None'
[0.245s] Level 5:colcon.colcon_core.verb:set package 'differential_robot_sim' build argument 'catkin_cmake_args' from command line to 'None'
[0.245s] Level 5:colcon.colcon_core.verb:set package 'differential_robot_sim' build argument 'catkin_skip_building_tests' from command line to 'False'
[0.245s] DEBUG:colcon.colcon_core.verb:Building package 'differential_robot_sim' with the following arguments: {'ament_cmake_args': None, 'build_base': '/home/pawel/Projects/differential_robot_ws/ros2_ws/build/differential_robot_sim', 'catkin_cmake_args': None, 'catkin_skip_building_tests': False, 'cmake_args': None, 'cmake_clean_cache': False, 'cmake_clean_first': False, 'cmake_force_configure': False, 'cmake_target': None, 'cmake_target_skip_unavailable': False, 'install_base': '/home/pawel/Projects/differential_robot_ws/ros2_ws/install/differential_robot_sim', 'merge_install': False, 'path': '/home/pawel/Projects/differential_robot_ws/ros2_ws/src/differential_robot_sim', 'symlink_install': False, 'test_result_base': None}
[0.245s] INFO:colcon.colcon_core.executor:Executing jobs using 'parallel' executor
[0.246s] DEBUG:colcon.colcon_parallel_executor.executor.parallel:run_until_complete
[0.246s] INFO:colcon.colcon_ros.task.ament_cmake.build:Building ROS package in '/home/pawel/Projects/differential_robot_ws/ros2_ws/src/differential_robot_bringup' with build type 'ament_cmake'
[0.246s] INFO:colcon.colcon_cmake.task.cmake.build:Building CMake package in '/home/pawel/Projects/differential_robot_ws/ros2_ws/src/differential_robot_bringup'
[0.250s] INFO:colcon.colcon_core.plugin_system:Skipping extension 'colcon_core.shell.bat': Not used on non-Windows systems
[0.250s] INFO:colcon.colcon_core.shell:Skip shell extension 'powershell' for command environment: Not usable outside of PowerShell
[0.250s] DEBUG:colcon.colcon_core.shell:Skip shell extension 'dsv' for command environment
[0.252s] INFO:colcon.colcon_ros.task.ament_cmake.build:Building ROS package in '/home/pawel/Projects/differential_robot_ws/ros2_ws/src/differential_robot_control' with build type 'ament_cmake'
[0.253s] INFO:colcon.colcon_cmake.task.cmake.build:Building CMake package in '/home/pawel/Projects/differential_robot_ws/ros2_ws/src/differential_robot_control'
[0.253s] INFO:colcon.colcon_core.shell:Skip shell extension 'powershell' for command environment: Not usable outside of PowerShell
[0.253s] DEBUG:colcon.colcon_core.shell:Skip shell extension 'dsv' for command environment
[0.255s] INFO:colcon.colcon_ros.task.ament_cmake.build:Building ROS package in '/home/pawel/Projects/differential_robot_ws/ros2_ws/src/differential_robot_description' with build type 'ament_cmake'
[0.255s] INFO:colcon.colcon_cmake.task.cmake.build:Building CMake package in '/home/pawel/Projects/differential_robot_ws/ros2_ws/src/differential_robot_description'
[0.255s] INFO:colcon.colcon_core.shell:Skip shell extension 'powershell' for command environment: Not usable outside of PowerShell
[0.255s] DEBUG:colcon.colcon_core.shell:Skip shell extension 'dsv' for command environment
[0.257s] INFO:colcon.colcon_ros.task.ament_cmake.build:Building ROS package in '/home/pawel/Projects/differential_robot_ws/ros2_ws/src/differential_robot_navigation' with build type 'ament_cmake'
[0.257s] INFO:colcon.colcon_cmake.task.cmake.build:Building CMake package in '/home/pawel/Projects/differential_robot_ws/ros2_ws/src/differential_robot_navigation'
[0.257s] INFO:colcon.colcon_core.shell:Skip shell extension 'powershell' for command environment: Not usable outside of PowerShell
[0.257s] DEBUG:colcon.colcon_core.shell:Skip shell extension 'dsv' for command environment
[0.259s] INFO:colcon.colcon_ros.task.ament_cmake.build:Building ROS package in '/home/pawel/Projects/differential_robot_ws/ros2_ws/src/differential_robot_perceptron' with build type 'ament_cmake'
[0.259s] INFO:colcon.colcon_cmake.task.cmake.build:Building CMake package in '/home/pawel/Projects/differential_robot_ws/ros2_ws/src/differential_robot_perceptron'
[0.259s] INFO:colcon.colcon_core.shell:Skip shell extension 'powershell' for command environment: Not usable outside of PowerShell
[0.259s] DEBUG:colcon.colcon_core.shell:Skip shell extension 'dsv' for command environment
[0.261s] INFO:colcon.colcon_ros.task.ament_cmake.build:Building ROS package in '/home/pawel/Projects/differential_robot_ws/ros2_ws/src/differential_robot_sim' with build type 'ament_cmake'
[0.261s] INFO:colcon.colcon_cmake.task.cmake.build:Building CMake package in '/home/pawel/Projects/differential_robot_ws/ros2_ws/src/differential_robot_sim'
[0.261s] INFO:colcon.colcon_core.shell:Skip shell extension 'powershell' for command environment: Not usable outside of PowerShell
[0.261s] DEBUG:colcon.colcon_core.shell:Skip shell extension 'dsv' for command environment
[0.265s] DEBUG:colcon.colcon_core.event_handler.log_command:Invoking command in '/home/pawel/Projects/differential_robot_ws/ros2_ws/build/differential_robot_bringup': CMAKE_PREFIX_PATH=${CMAKE_PREFIX_PATH}:/opt/ros/jazzy DEBUGINFOD_URLS=https://debuginfod.ubuntu.com /usr/bin/cmake /home/pawel/Projects/differential_robot_ws/ros2_ws/src/differential_robot_bringup -DCMAKE_INSTALL_PREFIX=/home/pawel/Projects/differential_robot_ws/ros2_ws/install/differential_robot_bringup
[0.268s] DEBUG:colcon.colcon_core.event_handler.log_command:Invoking command in '/home/pawel/Projects/differential_robot_ws/ros2_ws/build/differential_robot_control': CMAKE_PREFIX_PATH=${CMAKE_PREFIX_PATH}:/opt/ros/jazzy DEBUGINFOD_URLS=https://debuginfod.ubuntu.com /usr/bin/cmake /home/pawel/Projects/differential_robot_ws/ros2_ws/src/differential_robot_control -DCMAKE_INSTALL_PREFIX=/home/pawel/Projects/differential_robot_ws/ros2_ws/install/differential_robot_control
[0.269s] DEBUG:colcon.colcon_core.event_handler.log_command:Invoking command in '/home/pawel/Projects/differential_robot_ws/ros2_ws/build/differential_robot_description': CMAKE_PREFIX_PATH=${CMAKE_PREFIX_PATH}:/opt/ros/jazzy DEBUGINFOD_URLS=https://debuginfod.ubuntu.com /usr/bin/cmake /home/pawel/Projects/differential_robot_ws/ros2_ws/src/differential_robot_description -DCMAKE_INSTALL_PREFIX=/home/pawel/Projects/differential_robot_ws/ros2_ws/install/differential_robot_description
[0.270s] DEBUG:colcon.colcon_core.event_handler.log_command:Invoking command in '/home/pawel/Projects/differential_robot_ws/ros2_ws/build/differential_robot_navigation': CMAKE_PREFIX_PATH=${CMAKE_PREFIX_PATH}:/opt/ros/jazzy DEBUGINFOD_URLS=https://debuginfod.ubuntu.com /usr/bin/cmake /home/pawel/Projects/differential_robot_ws/ros2_ws/src/differential_robot_navigation -DCMAKE_INSTALL_PREFIX=/home/pawel/Projects/differential_robot_ws/ros2_ws/install/differential_robot_navigation
[0.273s] DEBUG:colcon.colcon_core.event_handler.log_command:Invoking command in '/home/pawel/Projects/differential_robot_ws/ros2_ws/build/differential_robot_perceptron': CMAKE_PREFIX_PATH=${CMAKE_PREFIX_PATH}:/opt/ros/jazzy DEBUGINFOD_URLS=https://debuginfod.ubuntu.com /usr/bin/cmake /home/pawel/Projects/differential_robot_ws/ros2_ws/src/differential_robot_perceptron -DCMAKE_INSTALL_PREFIX=/home/pawel/Projects/differential_robot_ws/ros2_ws/install/differential_robot_perceptron
[0.276s] DEBUG:colcon.colcon_core.event_handler.log_command:Invoking command in '/home/pawel/Projects/differential_robot_ws/ros2_ws/build/differential_robot_sim': CMAKE_PREFIX_PATH=${CMAKE_PREFIX_PATH}:/opt/ros/jazzy DEBUGINFOD_URLS=https://debuginfod.ubuntu.com /usr/bin/cmake /home/pawel/Projects/differential_robot_ws/ros2_ws/src/differential_robot_sim -DCMAKE_INSTALL_PREFIX=/home/pawel/Projects/differential_robot_ws/ros2_ws/install/differential_robot_sim
[1.058s] DEBUG:colcon.colcon_core.event_handler.log_command:Invoked command in '/home/pawel/Projects/differential_robot_ws/ros2_ws/build/differential_robot_control' returned '0': CMAKE_PREFIX_PATH=${CMAKE_PREFIX_PATH}:/opt/ros/jazzy DEBUGINFOD_URLS=https://debuginfod.ubuntu.com /usr/bin/cmake /home/pawel/Projects/differential_robot_ws/ros2_ws/src/differential_robot_control -DCMAKE_INSTALL_PREFIX=/home/pawel/Projects/differential_robot_ws/ros2_ws/install/differential_robot_control
[1.060s] DEBUG:colcon.colcon_core.event_handler.log_command:Invoking command in '/home/pawel/Projects/differential_robot_ws/ros2_ws/build/differential_robot_control': CMAKE_PREFIX_PATH=${CMAKE_PREFIX_PATH}:/opt/ros/jazzy DEBUGINFOD_URLS=https://debuginfod.ubuntu.com /usr/bin/cmake --build /home/pawel/Projects/differential_robot_ws/ros2_ws/build/differential_robot_control -- -j12 -l12
[1.060s] DEBUG:colcon.colcon_core.event_handler.log_command:Invoked command in '/home/pawel/Projects/differential_robot_ws/ros2_ws/build/differential_robot_perceptron' returned '0': CMAKE_PREFIX_PATH=${CMAKE_PREFIX_PATH}:/opt/ros/jazzy DEBUGINFOD_URLS=https://debuginfod.ubuntu.com /usr/bin/cmake /home/pawel/Projects/differential_robot_ws/ros2_ws/src/differential_robot_perceptron -DCMAKE_INSTALL_PREFIX=/home/pawel/Projects/differential_robot_ws/ros2_ws/install/differential_robot_perceptron
[1.061s] DEBUG:colcon.colcon_core.event_handler.log_command:Invoking command in '/home/pawel/Projects/differential_robot_ws/ros2_ws/build/differential_robot_perceptron': CMAKE_PREFIX_PATH=${CMAKE_PREFIX_PATH}:/opt/ros/jazzy DEBUGINFOD_URLS=https://debuginfod.ubuntu.com /usr/bin/cmake --build /home/pawel/Projects/differential_robot_ws/ros2_ws/build/differential_robot_perceptron -- -j12 -l12
[1.061s] DEBUG:colcon.colcon_core.event_handler.log_command:Invoked command in '/home/pawel/Projects/differential_robot_ws/ros2_ws/build/differential_robot_description' returned '0': CMAKE_PREFIX_PATH=${CMAKE_PREFIX_PATH}:/opt/ros/jazzy DEBUGINFOD_URLS=https://debuginfod.ubuntu.com /usr/bin/cmake /home/pawel/Projects/differential_robot_ws/ros2_ws/src/differential_robot_description -DCMAKE_INSTALL_PREFIX=/home/pawel/Projects/differential_robot_ws/ros2_ws/install/differential_robot_description
[1.062s] DEBUG:colcon.colcon_core.event_handler.log_command:Invoking command in '/home/pawel/Projects/differential_robot_ws/ros2_ws/build/differential_robot_description': CMAKE_PREFIX_PATH=${CMAKE_PREFIX_PATH}:/opt/ros/jazzy DEBUGINFOD_URLS=https://debuginfod.ubuntu.com /usr/bin/cmake --build /home/pawel/Projects/differential_robot_ws/ros2_ws/build/differential_robot_description -- -j12 -l12
[1.063s] DEBUG:colcon.colcon_core.event_handler.log_command:Invoked command in '/home/pawel/Projects/differential_robot_ws/ros2_ws/build/differential_robot_bringup' returned '0': CMAKE_PREFIX_PATH=${CMAKE_PREFIX_PATH}:/opt/ros/jazzy DEBUGINFOD_URLS=https://debuginfod.ubuntu.com /usr/bin/cmake /home/pawel/Projects/differential_robot_ws/ros2_ws/src/differential_robot_bringup -DCMAKE_INSTALL_PREFIX=/home/pawel/Projects/differential_robot_ws/ros2_ws/install/differential_robot_bringup
[1.064s] DEBUG:colcon.colcon_core.event_handler.log_command:Invoking command in '/home/pawel/Projects/differential_robot_ws/ros2_ws/build/differential_robot_bringup': CMAKE_PREFIX_PATH=${CMAKE_PREFIX_PATH}:/opt/ros/jazzy DEBUGINFOD_URLS=https://debuginfod.ubuntu.com /usr/bin/cmake --build /home/pawel/Projects/differential_robot_ws/ros2_ws/build/differential_robot_bringup -- -j12 -l12
[1.064s] DEBUG:colcon.colcon_core.event_handler.log_command:Invoked command in '/home/pawel/Projects/differential_robot_ws/ros2_ws/build/differential_robot_sim' returned '0': CMAKE_PREFIX_PATH=${CMAKE_PREFIX_PATH}:/opt/ros/jazzy DEBUGINFOD_URLS=https://debuginfod.ubuntu.com /usr/bin/cmake /home/pawel/Projects/differential_robot_ws/ros2_ws/src/differential_robot_sim -DCMAKE_INSTALL_PREFIX=/home/pawel/Projects/differential_robot_ws/ros2_ws/install/differential_robot_sim
[1.065s] DEBUG:colcon.colcon_core.event_handler.log_command:Invoking command in '/home/pawel/Projects/differential_robot_ws/ros2_ws/build/differential_robot_sim': CMAKE_PREFIX_PATH=${CMAKE_PREFIX_PATH}:/opt/ros/jazzy DEBUGINFOD_URLS=https://debuginfod.ubuntu.com /usr/bin/cmake --build /home/pawel/Projects/differential_robot_ws/ros2_ws/build/differential_robot_sim -- -j12 -l12
[1.066s] DEBUG:colcon.colcon_core.event_handler.log_command:Invoked command in '/home/pawel/Projects/differential_robot_ws/ros2_ws/build/differential_robot_navigation' returned '0': CMAKE_PREFIX_PATH=${CMAKE_PREFIX_PATH}:/opt/ros/jazzy DEBUGINFOD_URLS=https://debuginfod.ubuntu.com /usr/bin/cmake /home/pawel/Projects/differential_robot_ws/ros2_ws/src/differential_robot_navigation -DCMAKE_INSTALL_PREFIX=/home/pawel/Projects/differential_robot_ws/ros2_ws/install/differential_robot_navigation
[1.067s] DEBUG:colcon.colcon_core.event_handler.log_command:Invoking command in '/home/pawel/Projects/differential_robot_ws/ros2_ws/build/differential_robot_navigation': CMAKE_PREFIX_PATH=${CMAKE_PREFIX_PATH}:/opt/ros/jazzy DEBUGINFOD_URLS=https://debuginfod.ubuntu.com /usr/bin/cmake --build /home/pawel/Projects/differential_robot_ws/ros2_ws/build/differential_robot_navigation -- -j12 -l12
[1.089s] DEBUG:colcon.colcon_core.event_handler.log_command:Invoked command in '/home/pawel/Projects/differential_robot_ws/ros2_ws/build/differential_robot_control' returned '0': CMAKE_PREFIX_PATH=${CMAKE_PREFIX_PATH}:/opt/ros/jazzy DEBUGINFOD_URLS=https://debuginfod.ubuntu.com /usr/bin/cmake --build /home/pawel/Projects/differential_robot_ws/ros2_ws/build/differential_robot_control -- -j12 -l12
[1.095s] DEBUG:colcon.colcon_core.event_handler.log_command:Invoking command in '/home/pawel/Projects/differential_robot_ws/ros2_ws/build/differential_robot_control': CMAKE_PREFIX_PATH=${CMAKE_PREFIX_PATH}:/opt/ros/jazzy DEBUGINFOD_URLS=https://debuginfod.ubuntu.com /usr/bin/cmake --install /home/pawel/Projects/differential_robot_ws/ros2_ws/build/differential_robot_control
[1.096s] DEBUG:colcon.colcon_core.event_handler.log_command:Invoked command in '/home/pawel/Projects/differential_robot_ws/ros2_ws/build/differential_robot_perceptron' returned '0': CMAKE_PREFIX_PATH=${CMAKE_PREFIX_PATH}:/opt/ros/jazzy DEBUGINFOD_URLS=https://debuginfod.ubuntu.com /usr/bin/cmake --build /home/pawel/Projects/differential_robot_ws/ros2_ws/build/differential_robot_perceptron -- -j12 -l12
[1.097s] DEBUG:colcon.colcon_core.event_handler.log_command:Invoking command in '/home/pawel/Projects/differential_robot_ws/ros2_ws/build/differential_robot_perceptron': CMAKE_PREFIX_PATH=${CMAKE_PREFIX_PATH}:/opt/ros/jazzy DEBUGINFOD_URLS=https://debuginfod.ubuntu.com /usr/bin/cmake --install /home/pawel/Projects/differential_robot_ws/ros2_ws/build/differential_robot_perceptron
[1.098s] DEBUG:colcon.colcon_core.event_handler.log_command:Invoked command in '/home/pawel/Projects/differential_robot_ws/ros2_ws/build/differential_robot_description' returned '0': CMAKE_PREFIX_PATH=${CMAKE_PREFIX_PATH}:/opt/ros/jazzy DEBUGINFOD_URLS=https://debuginfod.ubuntu.com /usr/bin/cmake --build /home/pawel/Projects/differential_robot_ws/ros2_ws/build/differential_robot_description -- -j12 -l12
[1.099s] DEBUG:colcon.colcon_core.event_handler.log_command:Invoking command in '/home/pawel/Projects/differential_robot_ws/ros2_ws/build/differential_robot_description': CMAKE_PREFIX_PATH=${CMAKE_PREFIX_PATH}:/opt/ros/jazzy DEBUGINFOD_URLS=https://debuginfod.ubuntu.com /usr/bin/cmake --install /home/pawel/Projects/differential_robot_ws/ros2_ws/build/differential_robot_description
[1.099s] DEBUG:colcon.colcon_core.event_handler.log_command:Invoked command in '/home/pawel/Projects/differential_robot_ws/ros2_ws/build/differential_robot_navigation' returned '0': CMAKE_PREFIX_PATH=${CMAKE_PREFIX_PATH}:/opt/ros/jazzy DEBUGINFOD_URLS=https://debuginfod.ubuntu.com /usr/bin/cmake --build /home/pawel/Projects/differential_robot_ws/ros2_ws/build/differential_robot_navigation -- -j12 -l12
[1.100s] DEBUG:colcon.colcon_core.event_handler.log_command:Invoking command in '/home/pawel/Projects/differential_robot_ws/ros2_ws/build/differential_robot_navigation': CMAKE_PREFIX_PATH=${CMAKE_PREFIX_PATH}:/opt/ros/jazzy DEBUGINFOD_URLS=https://debuginfod.ubuntu.com /usr/bin/cmake --install /home/pawel/Projects/differential_robot_ws/ros2_ws/build/differential_robot_navigation
[1.101s] DEBUG:colcon.colcon_core.event_handler.log_command:Invoked command in '/home/pawel/Projects/differential_robot_ws/ros2_ws/build/differential_robot_bringup' returned '0': CMAKE_PREFIX_PATH=${CMAKE_PREFIX_PATH}:/opt/ros/jazzy DEBUGINFOD_URLS=https://debuginfod.ubuntu.com /usr/bin/cmake --build /home/pawel/Projects/differential_robot_ws/ros2_ws/build/differential_robot_bringup -- -j12 -l12
[1.102s] DEBUG:colcon.colcon_core.event_handler.log_command:Invoking command in '/home/pawel/Projects/differential_robot_ws/ros2_ws/build/differential_robot_bringup': CMAKE_PREFIX_PATH=${CMAKE_PREFIX_PATH}:/opt/ros/jazzy DEBUGINFOD_URLS=https://debuginfod.ubuntu.com /usr/bin/cmake --install /home/pawel/Projects/differential_robot_ws/ros2_ws/build/differential_robot_bringup
[1.104s] DEBUG:colcon.colcon_core.event_handler.log_command:Invoked command in '/home/pawel/Projects/differential_robot_ws/ros2_ws/build/differential_robot_sim' returned '0': CMAKE_PREFIX_PATH=${CMAKE_PREFIX_PATH}:/opt/ros/jazzy DEBUGINFOD_URLS=https://debuginfod.ubuntu.com /usr/bin/cmake --build /home/pawel/Projects/differential_robot_ws/ros2_ws/build/differential_robot_sim -- -j12 -l12
[1.107s] Level 1:colcon.colcon_core.environment:create_environment_scripts_only(differential_robot_control)
[1.108s] DEBUG:colcon.colcon_core.event_handler.log_command:Invoking command in '/home/pawel/Projects/differential_robot_ws/ros2_ws/build/differential_robot_sim': CMAKE_PREFIX_PATH=${CMAKE_PREFIX_PATH}:/opt/ros/jazzy DEBUGINFOD_URLS=https://debuginfod.ubuntu.com /usr/bin/cmake --install /home/pawel/Projects/differential_robot_ws/ros2_ws/build/differential_robot_sim
[1.112s] DEBUG:colcon.colcon_core.event_handler.log_command:Invoked command in '/home/pawel/Projects/differential_robot_ws/ros2_ws/build/differential_robot_control' returned '0': CMAKE_PREFIX_PATH=${CMAKE_PREFIX_PATH}:/opt/ros/jazzy DEBUGINFOD_URLS=https://debuginfod.ubuntu.com /usr/bin/cmake --install /home/pawel/Projects/differential_robot_ws/ros2_ws/build/differential_robot_control
[1.117s] Level 1:colcon.colcon_core.environment:checking '/home/pawel/Projects/differential_robot_ws/ros2_ws/install/differential_robot_control' for CMake module files
[1.118s] Level 1:colcon.colcon_core.environment:checking '/home/pawel/Projects/differential_robot_ws/ros2_ws/install/differential_robot_control' for CMake config files
[1.118s] Level 1:colcon.colcon_core.shell:create_environment_hook('differential_robot_control', 'cmake_prefix_path')
[1.118s] INFO:colcon.colcon_core.shell:Creating environment hook '/home/pawel/Projects/differential_robot_ws/ros2_ws/install/differential_robot_control/share/differential_robot_control/hook/cmake_prefix_path.ps1'
[1.119s] INFO:colcon.colcon_core.shell:Creating environment descriptor '/home/pawel/Projects/differential_robot_ws/ros2_ws/install/differential_robot_control/share/differential_robot_control/hook/cmake_prefix_path.dsv'
[1.119s] INFO:colcon.colcon_core.shell:Creating environment hook '/home/pawel/Projects/differential_robot_ws/ros2_ws/install/differential_robot_control/share/differential_robot_control/hook/cmake_prefix_path.sh'
[1.120s] Level 1:colcon.colcon_core.environment:checking '/home/pawel/Projects/differential_robot_ws/ros2_ws/install/differential_robot_control/bin'
[1.120s] Level 1:colcon.colcon_core.environment:checking '/home/pawel/Projects/differential_robot_ws/ros2_ws/install/differential_robot_control/lib/pkgconfig/differential_robot_control.pc'
[1.120s] Level 1:colcon.colcon_core.environment:checking '/home/pawel/Projects/differential_robot_ws/ros2_ws/install/differential_robot_control/lib/python3.12/site-packages'
[1.120s] Level 1:colcon.colcon_core.environment:checking '/home/pawel/Projects/differential_robot_ws/ros2_ws/install/differential_robot_control/bin'
[1.121s] INFO:colcon.colcon_core.shell:Creating package script '/home/pawel/Projects/differential_robot_ws/ros2_ws/install/differential_robot_control/share/differential_robot_control/package.ps1'
[1.122s] INFO:colcon.colcon_core.shell:Creating package descriptor '/home/pawel/Projects/differential_robot_ws/ros2_ws/install/differential_robot_control/share/differential_robot_control/package.dsv'
[1.122s] INFO:colcon.colcon_core.shell:Creating package script '/home/pawel/Projects/differential_robot_ws/ros2_ws/install/differential_robot_control/share/differential_robot_control/package.sh'
[1.123s] INFO:colcon.colcon_core.shell:Creating package script '/home/pawel/Projects/differential_robot_ws/ros2_ws/install/differential_robot_control/share/differential_robot_control/package.bash'
[1.123s] INFO:colcon.colcon_core.shell:Creating package script '/home/pawel/Projects/differential_robot_ws/ros2_ws/install/differential_robot_control/share/differential_robot_control/package.zsh'
[1.124s] Level 1:colcon.colcon_core.environment:create_file_with_runtime_dependencies(/home/pawel/Projects/differential_robot_ws/ros2_ws/install/differential_robot_control/share/colcon-core/packages/differential_robot_control)
[1.125s] Level 1:colcon.colcon_core.environment:create_environment_scripts_only(differential_robot_control)
[1.125s] Level 1:colcon.colcon_core.environment:checking '/home/pawel/Projects/differential_robot_ws/ros2_ws/install/differential_robot_control' for CMake module files
[1.125s] Level 1:colcon.colcon_core.environment:checking '/home/pawel/Projects/differential_robot_ws/ros2_ws/install/differential_robot_control' for CMake config files
[1.125s] Level 1:colcon.colcon_core.shell:create_environment_hook('differential_robot_control', 'cmake_prefix_path')
[1.126s] INFO:colcon.colcon_core.shell:Creating environment hook '/home/pawel/Projects/differential_robot_ws/ros2_ws/install/differential_robot_control/share/differential_robot_control/hook/cmake_prefix_path.ps1'
[1.126s] INFO:colcon.colcon_core.shell:Creating environment descriptor '/home/pawel/Projects/differential_robot_ws/ros2_ws/install/differential_robot_control/share/differential_robot_control/hook/cmake_prefix_path.dsv'
[1.126s] INFO:colcon.colcon_core.shell:Creating environment hook '/home/pawel/Projects/differential_robot_ws/ros2_ws/install/differential_robot_control/share/differential_robot_control/hook/cmake_prefix_path.sh'
[1.127s] Level 1:colcon.colcon_core.environment:checking '/home/pawel/Projects/differential_robot_ws/ros2_ws/install/differential_robot_control/bin'
[1.127s] Level 1:colcon.colcon_core.environment:checking '/home/pawel/Projects/differential_robot_ws/ros2_ws/install/differential_robot_control/lib/pkgconfig/differential_robot_control.pc'
[1.127s] Level 1:colcon.colcon_core.environment:checking '/home/pawel/Projects/differential_robot_ws/ros2_ws/install/differential_robot_control/lib/python3.12/site-packages'
[1.127s] Level 1:colcon.colcon_core.environment:checking '/home/pawel/Projects/differential_robot_ws/ros2_ws/install/differential_robot_control/bin'
[1.127s] INFO:colcon.colcon_core.shell:Creating package script '/home/pawel/Projects/differential_robot_ws/ros2_ws/install/differential_robot_control/share/differential_robot_control/package.ps1'
[1.128s] INFO:colcon.colcon_core.shell:Creating package descriptor '/home/pawel/Projects/differential_robot_ws/ros2_ws/install/differential_robot_control/share/differential_robot_control/package.dsv'
[1.128s] INFO:colcon.colcon_core.shell:Creating package script '/home/pawel/Projects/differential_robot_ws/ros2_ws/install/differential_robot_control/share/differential_robot_control/package.sh'
[1.128s] INFO:colcon.colcon_core.shell:Creating package script '/home/pawel/Projects/differential_robot_ws/ros2_ws/install/differential_robot_control/share/differential_robot_control/package.bash'
[1.129s] INFO:colcon.colcon_core.shell:Creating package script '/home/pawel/Projects/differential_robot_ws/ros2_ws/install/differential_robot_control/share/differential_robot_control/package.zsh'
[1.129s] Level 1:colcon.colcon_core.environment:create_file_with_runtime_dependencies(/home/pawel/Projects/differential_robot_ws/ros2_ws/install/differential_robot_control/share/colcon-core/packages/differential_robot_control)
[1.130s] Level 1:colcon.colcon_core.environment:create_environment_scripts_only(differential_robot_description)
[1.130s] Level 1:colcon.colcon_core.environment:checking '/home/pawel/Projects/differential_robot_ws/ros2_ws/install/differential_robot_description' for CMake module files
[1.130s] DEBUG:colcon.colcon_core.event_handler.log_command:Invoked command in '/home/pawel/Projects/differential_robot_ws/ros2_ws/build/differential_robot_description' returned '0': CMAKE_PREFIX_PATH=${CMAKE_PREFIX_PATH}:/opt/ros/jazzy DEBUGINFOD_URLS=https://debuginfod.ubuntu.com /usr/bin/cmake --install /home/pawel/Projects/differential_robot_ws/ros2_ws/build/differential_robot_description
[1.131s] Level 1:colcon.colcon_core.environment:checking '/home/pawel/Projects/differential_robot_ws/ros2_ws/install/differential_robot_description' for CMake config files
[1.131s] Level 1:colcon.colcon_core.shell:create_environment_hook('differential_robot_description', 'cmake_prefix_path')
[1.131s] INFO:colcon.colcon_core.shell:Creating environment hook '/home/pawel/Projects/differential_robot_ws/ros2_ws/install/differential_robot_description/share/differential_robot_description/hook/cmake_prefix_path.ps1'
[1.131s] INFO:colcon.colcon_core.shell:Creating environment descriptor '/home/pawel/Projects/differential_robot_ws/ros2_ws/install/differential_robot_description/share/differential_robot_description/hook/cmake_prefix_path.dsv'
[1.131s] INFO:colcon.colcon_core.shell:Creating environment hook '/home/pawel/Projects/differential_robot_ws/ros2_ws/install/differential_robot_description/share/differential_robot_description/hook/cmake_prefix_path.sh'
[1.132s] Level 1:colcon.colcon_core.environment:checking '/home/pawel/Projects/differential_robot_ws/ros2_ws/install/differential_robot_description/bin'
[1.132s] Level 1:colcon.colcon_core.environment:checking '/home/pawel/Projects/differential_robot_ws/ros2_ws/install/differential_robot_description/lib/pkgconfig/differential_robot_description.pc'
[1.132s] Level 1:colcon.colcon_core.environment:checking '/home/pawel/Projects/differential_robot_ws/ros2_ws/install/differential_robot_description/lib/python3.12/site-packages'
[1.132s] Level 1:colcon.colcon_core.environment:checking '/home/pawel/Projects/differential_robot_ws/ros2_ws/install/differential_robot_description/bin'
[1.133s] INFO:colcon.colcon_core.shell:Creating package script '/home/pawel/Projects/differential_robot_ws/ros2_ws/install/differential_robot_description/share/differential_robot_description/package.ps1'
[1.133s] INFO:colcon.colcon_core.shell:Creating package descriptor '/home/pawel/Projects/differential_robot_ws/ros2_ws/install/differential_robot_description/share/differential_robot_description/package.dsv'
[1.133s] INFO:colcon.colcon_core.shell:Creating package script '/home/pawel/Projects/differential_robot_ws/ros2_ws/install/differential_robot_description/share/differential_robot_description/package.sh'
[1.134s] INFO:colcon.colcon_core.shell:Creating package script '/home/pawel/Projects/differential_robot_ws/ros2_ws/install/differential_robot_description/share/differential_robot_description/package.bash'
[1.134s] INFO:colcon.colcon_core.shell:Creating package script '/home/pawel/Projects/differential_robot_ws/ros2_ws/install/differential_robot_description/share/differential_robot_description/package.zsh'
[1.134s] Level 1:colcon.colcon_core.environment:create_file_with_runtime_dependencies(/home/pawel/Projects/differential_robot_ws/ros2_ws/install/differential_robot_description/share/colcon-core/packages/differential_robot_description)
[1.134s] Level 1:colcon.colcon_core.environment:create_environment_scripts_only(differential_robot_description)
[1.135s] Level 1:colcon.colcon_core.environment:checking '/home/pawel/Projects/differential_robot_ws/ros2_ws/install/differential_robot_description' for CMake module files
[1.135s] Level 1:colcon.colcon_core.environment:checking '/home/pawel/Projects/differential_robot_ws/ros2_ws/install/differential_robot_description' for CMake config files
[1.135s] Level 1:colcon.colcon_core.shell:create_environment_hook('differential_robot_description', 'cmake_prefix_path')
[1.135s] INFO:colcon.colcon_core.shell:Creating environment hook '/home/pawel/Projects/differential_robot_ws/ros2_ws/install/differential_robot_description/share/differential_robot_description/hook/cmake_prefix_path.ps1'
[1.136s] INFO:colcon.colcon_core.shell:Creating environment descriptor '/home/pawel/Projects/differential_robot_ws/ros2_ws/install/differential_robot_description/share/differential_robot_description/hook/cmake_prefix_path.dsv'
[1.136s] INFO:colcon.colcon_core.shell:Creating environment hook '/home/pawel/Projects/differential_robot_ws/ros2_ws/install/differential_robot_description/share/differential_robot_description/hook/cmake_prefix_path.sh'
[1.136s] Level 1:colcon.colcon_core.environment:checking '/home/pawel/Projects/differential_robot_ws/ros2_ws/install/differential_robot_description/bin'
[1.136s] Level 1:colcon.colcon_core.environment:checking '/home/pawel/Projects/differential_robot_ws/ros2_ws/install/differential_robot_description/lib/pkgconfig/differential_robot_description.pc'
[1.136s] Level 1:colcon.colcon_core.environment:checking '/home/pawel/Projects/differential_robot_ws/ros2_ws/install/differential_robot_description/lib/python3.12/site-packages'
[1.137s] Level 1:colcon.colcon_core.environment:checking '/home/pawel/Projects/differential_robot_ws/ros2_ws/install/differential_robot_description/bin'
[1.137s] INFO:colcon.colcon_core.shell:Creating package script '/home/pawel/Projects/differential_robot_ws/ros2_ws/install/differential_robot_description/share/differential_robot_description/package.ps1'
[1.137s] INFO:colcon.colcon_core.shell:Creating package descriptor '/home/pawel/Projects/differential_robot_ws/ros2_ws/install/differential_robot_description/share/differential_robot_description/package.dsv'
[1.138s] INFO:colcon.colcon_core.shell:Creating package script '/home/pawel/Projects/differential_robot_ws/ros2_ws/install/differential_robot_description/share/differential_robot_description/package.sh'
[1.138s] INFO:colcon.colcon_core.shell:Creating package script '/home/pawel/Projects/differential_robot_ws/ros2_ws/install/differential_robot_description/share/differential_robot_description/package.bash'
[1.138s] INFO:colcon.colcon_core.shell:Creating package script '/home/pawel/Projects/differential_robot_ws/ros2_ws/install/differential_robot_description/share/differential_robot_description/package.zsh'
[1.139s] Level 1:colcon.colcon_core.environment:create_file_with_runtime_dependencies(/home/pawel/Projects/differential_robot_ws/ros2_ws/install/differential_robot_description/share/colcon-core/packages/differential_robot_description)
[1.139s] Level 1:colcon.colcon_core.environment:create_environment_scripts_only(differential_robot_perceptron)
[1.140s] Level 1:colcon.colcon_core.environment:checking '/home/pawel/Projects/differential_robot_ws/ros2_ws/install/differential_robot_perceptron' for CMake module files
[1.140s] DEBUG:colcon.colcon_core.event_handler.log_command:Invoked command in '/home/pawel/Projects/differential_robot_ws/ros2_ws/build/differential_robot_perceptron' returned '0': CMAKE_PREFIX_PATH=${CMAKE_PREFIX_PATH}:/opt/ros/jazzy DEBUGINFOD_URLS=https://debuginfod.ubuntu.com /usr/bin/cmake --install /home/pawel/Projects/differential_robot_ws/ros2_ws/build/differential_robot_perceptron
[1.140s] Level 1:colcon.colcon_core.environment:checking '/home/pawel/Projects/differential_robot_ws/ros2_ws/install/differential_robot_perceptron' for CMake config files
[1.141s] Level 1:colcon.colcon_core.shell:create_environment_hook('differential_robot_perceptron', 'cmake_prefix_path')
[1.141s] INFO:colcon.colcon_core.shell:Creating environment hook '/home/pawel/Projects/differential_robot_ws/ros2_ws/install/differential_robot_perceptron/share/differential_robot_perceptron/hook/cmake_prefix_path.ps1'
[1.141s] INFO:colcon.colcon_core.shell:Creating environment descriptor '/home/pawel/Projects/differential_robot_ws/ros2_ws/install/differential_robot_perceptron/share/differential_robot_perceptron/hook/cmake_prefix_path.dsv'
[1.141s] INFO:colcon.colcon_core.shell:Creating environment hook '/home/pawel/Projects/differential_robot_ws/ros2_ws/install/differential_robot_perceptron/share/differential_robot_perceptron/hook/cmake_prefix_path.sh'
[1.142s] Level 1:colcon.colcon_core.environment:checking '/home/pawel/Projects/differential_robot_ws/ros2_ws/install/differential_robot_perceptron/bin'
[1.142s] Level 1:colcon.colcon_core.environment:checking '/home/pawel/Projects/differential_robot_ws/ros2_ws/install/differential_robot_perceptron/lib/pkgconfig/differential_robot_perceptron.pc'
[1.142s] Level 1:colcon.colcon_core.environment:checking '/home/pawel/Projects/differential_robot_ws/ros2_ws/install/differential_robot_perceptron/lib/python3.12/site-packages'
[1.142s] Level 1:colcon.colcon_core.environment:checking '/home/pawel/Projects/differential_robot_ws/ros2_ws/install/differential_robot_perceptron/bin'
[1.142s] INFO:colcon.colcon_core.shell:Creating package script '/home/pawel/Projects/differential_robot_ws/ros2_ws/install/differential_robot_perceptron/share/differential_robot_perceptron/package.ps1'
[1.143s] INFO:colcon.colcon_core.shell:Creating package descriptor '/home/pawel/Projects/differential_robot_ws/ros2_ws/install/differential_robot_perceptron/share/differential_robot_perceptron/package.dsv'
[1.143s] INFO:colcon.colcon_core.shell:Creating package script '/home/pawel/Projects/differential_robot_ws/ros2_ws/install/differential_robot_perceptron/share/differential_robot_perceptron/package.sh'
[1.143s] INFO:colcon.colcon_core.shell:Creating package script '/home/pawel/Projects/differential_robot_ws/ros2_ws/install/differential_robot_perceptron/share/differential_robot_perceptron/package.bash'
[1.144s] INFO:colcon.colcon_core.shell:Creating package script '/home/pawel/Projects/differential_robot_ws/ros2_ws/install/differential_robot_perceptron/share/differential_robot_perceptron/package.zsh'
[1.144s] Level 1:colcon.colcon_core.environment:create_file_with_runtime_dependencies(/home/pawel/Projects/differential_robot_ws/ros2_ws/install/differential_robot_perceptron/share/colcon-core/packages/differential_robot_perceptron)
[1.144s] Level 1:colcon.colcon_core.environment:create_environment_scripts_only(differential_robot_perceptron)
[1.144s] Level 1:colcon.colcon_core.environment:checking '/home/pawel/Projects/differential_robot_ws/ros2_ws/install/differential_robot_perceptron' for CMake module files
[1.145s] Level 1:colcon.colcon_core.environment:checking '/home/pawel/Projects/differential_robot_ws/ros2_ws/install/differential_robot_perceptron' for CMake config files
[1.145s] Level 1:colcon.colcon_core.shell:create_environment_hook('differential_robot_perceptron', 'cmake_prefix_path')
[1.145s] INFO:colcon.colcon_core.shell:Creating environment hook '/home/pawel/Projects/differential_robot_ws/ros2_ws/install/differential_robot_perceptron/share/differential_robot_perceptron/hook/cmake_prefix_path.ps1'
[1.145s] INFO:colcon.colcon_core.shell:Creating environment descriptor '/home/pawel/Projects/differential_robot_ws/ros2_ws/install/differential_robot_perceptron/share/differential_robot_perceptron/hook/cmake_prefix_path.dsv'
[1.146s] INFO:colcon.colcon_core.shell:Creating environment hook '/home/pawel/Projects/differential_robot_ws/ros2_ws/install/differential_robot_perceptron/share/differential_robot_perceptron/hook/cmake_prefix_path.sh'
[1.146s] Level 1:colcon.colcon_core.environment:checking '/home/pawel/Projects/differential_robot_ws/ros2_ws/install/differential_robot_perceptron/bin'
[1.146s] Level 1:colcon.colcon_core.environment:checking '/home/pawel/Projects/differential_robot_ws/ros2_ws/install/differential_robot_perceptron/lib/pkgconfig/differential_robot_perceptron.pc'
[1.146s] Level 1:colcon.colcon_core.environment:checking '/home/pawel/Projects/differential_robot_ws/ros2_ws/install/differential_robot_perceptron/lib/python3.12/site-packages'
[1.147s] Level 1:colcon.colcon_core.environment:checking '/home/pawel/Projects/differential_robot_ws/ros2_ws/install/differential_robot_perceptron/bin'
[1.147s] INFO:colcon.colcon_core.shell:Creating package script '/home/pawel/Projects/differential_robot_ws/ros2_ws/install/differential_robot_perceptron/share/differential_robot_perceptron/package.ps1'
[1.147s] INFO:colcon.colcon_core.shell:Creating package descriptor '/home/pawel/Projects/differential_robot_ws/ros2_ws/install/differential_robot_perceptron/share/differential_robot_perceptron/package.dsv'
[1.148s] INFO:colcon.colcon_core.shell:Creating package script '/home/pawel/Projects/differential_robot_ws/ros2_ws/install/differential_robot_perceptron/share/differential_robot_perceptron/package.sh'
[1.148s] INFO:colcon.colcon_core.shell:Creating package script '/home/pawel/Projects/differential_robot_ws/ros2_ws/install/differential_robot_perceptron/share/differential_robot_perceptron/package.bash'
[1.148s] INFO:colcon.colcon_core.shell:Creating package script '/home/pawel/Projects/differential_robot_ws/ros2_ws/install/differential_robot_perceptron/share/differential_robot_perceptron/package.zsh'
[1.149s] Level 1:colcon.colcon_core.environment:create_file_with_runtime_dependencies(/home/pawel/Projects/differential_robot_ws/ros2_ws/install/differential_robot_perceptron/share/colcon-core/packages/differential_robot_perceptron)
[1.149s] Level 1:colcon.colcon_core.environment:create_environment_scripts_only(differential_robot_navigation)
[1.149s] Level 1:colcon.colcon_core.environment:checking '/home/pawel/Projects/differential_robot_ws/ros2_ws/install/differential_robot_navigation' for CMake module files
[1.150s] DEBUG:colcon.colcon_core.event_handler.log_command:Invoked command in '/home/pawel/Projects/differential_robot_ws/ros2_ws/build/differential_robot_navigation' returned '0': CMAKE_PREFIX_PATH=${CMAKE_PREFIX_PATH}:/opt/ros/jazzy DEBUGINFOD_URLS=https://debuginfod.ubuntu.com /usr/bin/cmake --install /home/pawel/Projects/differential_robot_ws/ros2_ws/build/differential_robot_navigation
[1.150s] Level 1:colcon.colcon_core.environment:checking '/home/pawel/Projects/differential_robot_ws/ros2_ws/install/differential_robot_navigation' for CMake config files
[1.150s] Level 1:colcon.colcon_core.shell:create_environment_hook('differential_robot_navigation', 'cmake_prefix_path')
[1.150s] INFO:colcon.colcon_core.shell:Creating environment hook '/home/pawel/Projects/differential_robot_ws/ros2_ws/install/differential_robot_navigation/share/differential_robot_navigation/hook/cmake_prefix_path.ps1'
[1.150s] INFO:colcon.colcon_core.shell:Creating environment descriptor '/home/pawel/Projects/differential_robot_ws/ros2_ws/install/differential_robot_navigation/share/differential_robot_navigation/hook/cmake_prefix_path.dsv'
[1.151s] INFO:colcon.colcon_core.shell:Creating environment hook '/home/pawel/Projects/differential_robot_ws/ros2_ws/install/differential_robot_navigation/share/differential_robot_navigation/hook/cmake_prefix_path.sh'
[1.151s] Level 1:colcon.colcon_core.environment:checking '/home/pawel/Projects/differential_robot_ws/ros2_ws/install/differential_robot_navigation/bin'
[1.151s] Level 1:colcon.colcon_core.environment:checking '/home/pawel/Projects/differential_robot_ws/ros2_ws/install/differential_robot_navigation/lib/pkgconfig/differential_robot_navigation.pc'
[1.151s] Level 1:colcon.colcon_core.environment:checking '/home/pawel/Projects/differential_robot_ws/ros2_ws/install/differential_robot_navigation/lib/python3.12/site-packages'
[1.152s] Level 1:colcon.colcon_core.environment:checking '/home/pawel/Projects/differential_robot_ws/ros2_ws/install/differential_robot_navigation/bin'
[1.152s] INFO:colcon.colcon_core.shell:Creating package script '/home/pawel/Projects/differential_robot_ws/ros2_ws/install/differential_robot_navigation/share/differential_robot_navigation/package.ps1'
[1.152s] INFO:colcon.colcon_core.shell:Creating package descriptor '/home/pawel/Projects/differential_robot_ws/ros2_ws/install/differential_robot_navigation/share/differential_robot_navigation/package.dsv'
[1.153s] INFO:colcon.colcon_core.shell:Creating package script '/home/pawel/Projects/differential_robot_ws/ros2_ws/install/differential_robot_navigation/share/differential_robot_navigation/package.sh'
[1.153s] INFO:colcon.colcon_core.shell:Creating package script '/home/pawel/Projects/differential_robot_ws/ros2_ws/install/differential_robot_navigation/share/differential_robot_navigation/package.bash'
[1.153s] INFO:colcon.colcon_core.shell:Creating package script '/home/pawel/Projects/differential_robot_ws/ros2_ws/install/differential_robot_navigation/share/differential_robot_navigation/package.zsh'
[1.153s] Level 1:colcon.colcon_core.environment:create_file_with_runtime_dependencies(/home/pawel/Projects/differential_robot_ws/ros2_ws/install/differential_robot_navigation/share/colcon-core/packages/differential_robot_navigation)
[1.154s] Level 1:colcon.colcon_core.environment:create_environment_scripts_only(differential_robot_navigation)
[1.154s] Level 1:colcon.colcon_core.environment:checking '/home/pawel/Projects/differential_robot_ws/ros2_ws/install/differential_robot_navigation' for CMake module files
[1.154s] Level 1:colcon.colcon_core.environment:checking '/home/pawel/Projects/differential_robot_ws/ros2_ws/install/differential_robot_navigation' for CMake config files
[1.154s] Level 1:colcon.colcon_core.shell:create_environment_hook('differential_robot_navigation', 'cmake_prefix_path')
[1.155s] INFO:colcon.colcon_core.shell:Creating environment hook '/home/pawel/Projects/differential_robot_ws/ros2_ws/install/differential_robot_navigation/share/differential_robot_navigation/hook/cmake_prefix_path.ps1'
[1.155s] INFO:colcon.colcon_core.shell:Creating environment descriptor '/home/pawel/Projects/differential_robot_ws/ros2_ws/install/differential_robot_navigation/share/differential_robot_navigation/hook/cmake_prefix_path.dsv'
[1.155s] INFO:colcon.colcon_core.shell:Creating environment hook '/home/pawel/Projects/differential_robot_ws/ros2_ws/install/differential_robot_navigation/share/differential_robot_navigation/hook/cmake_prefix_path.sh'
[1.155s] Level 1:colcon.colcon_core.environment:checking '/home/pawel/Projects/differential_robot_ws/ros2_ws/install/differential_robot_navigation/bin'
[1.156s] Level 1:colcon.colcon_core.environment:checking '/home/pawel/Projects/differential_robot_ws/ros2_ws/install/differential_robot_navigation/lib/pkgconfig/differential_robot_navigation.pc'
[1.156s] Level 1:colcon.colcon_core.environment:checking '/home/pawel/Projects/differential_robot_ws/ros2_ws/install/differential_robot_navigation/lib/python3.12/site-packages'
[1.156s] Level 1:colcon.colcon_core.environment:checking '/home/pawel/Projects/differential_robot_ws/ros2_ws/install/differential_robot_navigation/bin'
[1.156s] INFO:colcon.colcon_core.shell:Creating package script '/home/pawel/Projects/differential_robot_ws/ros2_ws/install/differential_robot_navigation/share/differential_robot_navigation/package.ps1'
[1.157s] INFO:colcon.colcon_core.shell:Creating package descriptor '/home/pawel/Projects/differential_robot_ws/ros2_ws/install/differential_robot_navigation/share/differential_robot_navigation/package.dsv'
[1.157s] INFO:colcon.colcon_core.shell:Creating package script '/home/pawel/Projects/differential_robot_ws/ros2_ws/install/differential_robot_navigation/share/differential_robot_navigation/package.sh'
[1.157s] INFO:colcon.colcon_core.shell:Creating package script '/home/pawel/Projects/differential_robot_ws/ros2_ws/install/differential_robot_navigation/share/differential_robot_navigation/package.bash'
[1.158s] INFO:colcon.colcon_core.shell:Creating package script '/home/pawel/Projects/differential_robot_ws/ros2_ws/install/differential_robot_navigation/share/differential_robot_navigation/package.zsh'
[1.158s] Level 1:colcon.colcon_core.environment:create_file_with_runtime_dependencies(/home/pawel/Projects/differential_robot_ws/ros2_ws/install/differential_robot_navigation/share/colcon-core/packages/differential_robot_navigation)
[1.158s] Level 1:colcon.colcon_core.environment:create_environment_scripts_only(differential_robot_sim)
[1.158s] Level 1:colcon.colcon_core.environment:checking '/home/pawel/Projects/differential_robot_ws/ros2_ws/install/differential_robot_sim' for CMake module files
[1.159s] DEBUG:colcon.colcon_core.event_handler.log_command:Invoked command in '/home/pawel/Projects/differential_robot_ws/ros2_ws/build/differential_robot_sim' returned '0': CMAKE_PREFIX_PATH=${CMAKE_PREFIX_PATH}:/opt/ros/jazzy DEBUGINFOD_URLS=https://debuginfod.ubuntu.com /usr/bin/cmake --install /home/pawel/Projects/differential_robot_ws/ros2_ws/build/differential_robot_sim
[1.159s] Level 1:colcon.colcon_core.environment:checking '/home/pawel/Projects/differential_robot_ws/ros2_ws/install/differential_robot_sim' for CMake config files
[1.159s] Level 1:colcon.colcon_core.shell:create_environment_hook('differential_robot_sim', 'cmake_prefix_path')
[1.160s] INFO:colcon.colcon_core.shell:Creating environment hook '/home/pawel/Projects/differential_robot_ws/ros2_ws/install/differential_robot_sim/share/differential_robot_sim/hook/cmake_prefix_path.ps1'
[1.160s] INFO:colcon.colcon_core.shell:Creating environment descriptor '/home/pawel/Projects/differential_robot_ws/ros2_ws/install/differential_robot_sim/share/differential_robot_sim/hook/cmake_prefix_path.dsv'
[1.160s] INFO:colcon.colcon_core.shell:Creating environment hook '/home/pawel/Projects/differential_robot_ws/ros2_ws/install/differential_robot_sim/share/differential_robot_sim/hook/cmake_prefix_path.sh'
[1.160s] Level 1:colcon.colcon_core.environment:checking '/home/pawel/Projects/differential_robot_ws/ros2_ws/install/differential_robot_sim/bin'
[1.161s] Level 1:colcon.colcon_core.environment:checking '/home/pawel/Projects/differential_robot_ws/ros2_ws/install/differential_robot_sim/lib/pkgconfig/differential_robot_sim.pc'
[1.161s] Level 1:colcon.colcon_core.environment:checking '/home/pawel/Projects/differential_robot_ws/ros2_ws/install/differential_robot_sim/lib/python3.12/site-packages'
[1.161s] Level 1:colcon.colcon_core.environment:checking '/home/pawel/Projects/differential_robot_ws/ros2_ws/install/differential_robot_sim/bin'
[1.161s] INFO:colcon.colcon_core.shell:Creating package script '/home/pawel/Projects/differential_robot_ws/ros2_ws/install/differential_robot_sim/share/differential_robot_sim/package.ps1'
[1.162s] INFO:colcon.colcon_core.shell:Creating package descriptor '/home/pawel/Projects/differential_robot_ws/ros2_ws/install/differential_robot_sim/share/differential_robot_sim/package.dsv'
[1.162s] INFO:colcon.colcon_core.shell:Creating package script '/home/pawel/Projects/differential_robot_ws/ros2_ws/install/differential_robot_sim/share/differential_robot_sim/package.sh'
[1.162s] INFO:colcon.colcon_core.shell:Creating package script '/home/pawel/Projects/differential_robot_ws/ros2_ws/install/differential_robot_sim/share/differential_robot_sim/package.bash'
[1.162s] INFO:colcon.colcon_core.shell:Creating package script '/home/pawel/Projects/differential_robot_ws/ros2_ws/install/differential_robot_sim/share/differential_robot_sim/package.zsh'
[1.163s] Level 1:colcon.colcon_core.environment:create_file_with_runtime_dependencies(/home/pawel/Projects/differential_robot_ws/ros2_ws/install/differential_robot_sim/share/colcon-core/packages/differential_robot_sim)
[1.163s] Level 1:colcon.colcon_core.environment:create_environment_scripts_only(differential_robot_sim)
[1.163s] Level 1:colcon.colcon_core.environment:checking '/home/pawel/Projects/differential_robot_ws/ros2_ws/install/differential_robot_sim' for CMake module files
[1.164s] Level 1:colcon.colcon_core.environment:checking '/home/pawel/Projects/differential_robot_ws/ros2_ws/install/differential_robot_sim' for CMake config files
[1.164s] Level 1:colcon.colcon_core.shell:create_environment_hook('differential_robot_sim', 'cmake_prefix_path')
[1.164s] INFO:colcon.colcon_core.shell:Creating environment hook '/home/pawel/Projects/differential_robot_ws/ros2_ws/install/differential_robot_sim/share/differential_robot_sim/hook/cmake_prefix_path.ps1'
[1.164s] INFO:colcon.colcon_core.shell:Creating environment descriptor '/home/pawel/Projects/differential_robot_ws/ros2_ws/install/differential_robot_sim/share/differential_robot_sim/hook/cmake_prefix_path.dsv'
[1.164s] INFO:colcon.colcon_core.shell:Creating environment hook '/home/pawel/Projects/differential_robot_ws/ros2_ws/install/differential_robot_sim/share/differential_robot_sim/hook/cmake_prefix_path.sh'
[1.165s] Level 1:colcon.colcon_core.environment:checking '/home/pawel/Projects/differential_robot_ws/ros2_ws/install/differential_robot_sim/bin'
[1.165s] Level 1:colcon.colcon_core.environment:checking '/home/pawel/Projects/differential_robot_ws/ros2_ws/install/differential_robot_sim/lib/pkgconfig/differential_robot_sim.pc'
[1.165s] Level 1:colcon.colcon_core.environment:checking '/home/pawel/Projects/differential_robot_ws/ros2_ws/install/differential_robot_sim/lib/python3.12/site-packages'
[1.165s] Level 1:colcon.colcon_core.environment:checking '/home/pawel/Projects/differential_robot_ws/ros2_ws/install/differential_robot_sim/bin'
[1.166s] INFO:colcon.colcon_core.shell:Creating package script '/home/pawel/Projects/differential_robot_ws/ros2_ws/install/differential_robot_sim/share/differential_robot_sim/package.ps1'
[1.166s] INFO:colcon.colcon_core.shell:Creating package descriptor '/home/pawel/Projects/differential_robot_ws/ros2_ws/install/differential_robot_sim/share/differential_robot_sim/package.dsv'
[1.166s] INFO:colcon.colcon_core.shell:Creating package script '/home/pawel/Projects/differential_robot_ws/ros2_ws/install/differential_robot_sim/share/differential_robot_sim/package.sh'
[1.167s] INFO:colcon.colcon_core.shell:Creating package script '/home/pawel/Projects/differential_robot_ws/ros2_ws/install/differential_robot_sim/share/differential_robot_sim/package.bash'
[1.167s] INFO:colcon.colcon_core.shell:Creating package script '/home/pawel/Projects/differential_robot_ws/ros2_ws/install/differential_robot_sim/share/differential_robot_sim/package.zsh'
[1.167s] Level 1:colcon.colcon_core.environment:create_file_with_runtime_dependencies(/home/pawel/Projects/differential_robot_ws/ros2_ws/install/differential_robot_sim/share/colcon-core/packages/differential_robot_sim)
[1.168s] Level 1:colcon.colcon_core.environment:create_environment_scripts_only(differential_robot_bringup)
[1.168s] Level 1:colcon.colcon_core.environment:checking '/home/pawel/Projects/differential_robot_ws/ros2_ws/install/differential_robot_bringup' for CMake module files
[1.168s] DEBUG:colcon.colcon_core.event_handler.log_command:Invoked command in '/home/pawel/Projects/differential_robot_ws/ros2_ws/build/differential_robot_bringup' returned '0': CMAKE_PREFIX_PATH=${CMAKE_PREFIX_PATH}:/opt/ros/jazzy DEBUGINFOD_URLS=https://debuginfod.ubuntu.com /usr/bin/cmake --install /home/pawel/Projects/differential_robot_ws/ros2_ws/build/differential_robot_bringup
[1.169s] Level 1:colcon.colcon_core.environment:checking '/home/pawel/Projects/differential_robot_ws/ros2_ws/install/differential_robot_bringup' for CMake config files
[1.169s] Level 1:colcon.colcon_core.shell:create_environment_hook('differential_robot_bringup', 'cmake_prefix_path')
[1.169s] INFO:colcon.colcon_core.shell:Creating environment hook '/home/pawel/Projects/differential_robot_ws/ros2_ws/install/differential_robot_bringup/share/differential_robot_bringup/hook/cmake_prefix_path.ps1'
[1.169s] INFO:colcon.colcon_core.shell:Creating environment descriptor '/home/pawel/Projects/differential_robot_ws/ros2_ws/install/differential_robot_bringup/share/differential_robot_bringup/hook/cmake_prefix_path.dsv'
[1.169s] INFO:colcon.colcon_core.shell:Creating environment hook '/home/pawel/Projects/differential_robot_ws/ros2_ws/install/differential_robot_bringup/share/differential_robot_bringup/hook/cmake_prefix_path.sh'
[1.170s] Level 1:colcon.colcon_core.environment:checking '/home/pawel/Projects/differential_robot_ws/ros2_ws/install/differential_robot_bringup/bin'
[1.170s] Level 1:colcon.colcon_core.environment:checking '/home/pawel/Projects/differential_robot_ws/ros2_ws/install/differential_robot_bringup/lib/pkgconfig/differential_robot_bringup.pc'
[1.170s] Level 1:colcon.colcon_core.environment:checking '/home/pawel/Projects/differential_robot_ws/ros2_ws/install/differential_robot_bringup/lib/python3.12/site-packages'
[1.170s] Level 1:colcon.colcon_core.environment:checking '/home/pawel/Projects/differential_robot_ws/ros2_ws/install/differential_robot_bringup/bin'
[1.170s] INFO:colcon.colcon_core.shell:Creating package script '/home/pawel/Projects/differential_robot_ws/ros2_ws/install/differential_robot_bringup/share/differential_robot_bringup/package.ps1'
[1.171s] INFO:colcon.colcon_core.shell:Creating package descriptor '/home/pawel/Projects/differential_robot_ws/ros2_ws/install/differential_robot_bringup/share/differential_robot_bringup/package.dsv'
[1.171s] INFO:colcon.colcon_core.shell:Creating package script '/home/pawel/Projects/differential_robot_ws/ros2_ws/install/differential_robot_bringup/share/differential_robot_bringup/package.sh'
[1.171s] INFO:colcon.colcon_core.shell:Creating package script '/home/pawel/Projects/differential_robot_ws/ros2_ws/install/differential_robot_bringup/share/differential_robot_bringup/package.bash'
[1.172s] INFO:colcon.colcon_core.shell:Creating package script '/home/pawel/Projects/differential_robot_ws/ros2_ws/install/differential_robot_bringup/share/differential_robot_bringup/package.zsh'
[1.172s] Level 1:colcon.colcon_core.environment:create_file_with_runtime_dependencies(/home/pawel/Projects/differential_robot_ws/ros2_ws/install/differential_robot_bringup/share/colcon-core/packages/differential_robot_bringup)
[1.172s] Level 1:colcon.colcon_core.environment:create_environment_scripts_only(differential_robot_bringup)
[1.173s] Level 1:colcon.colcon_core.environment:checking '/home/pawel/Projects/differential_robot_ws/ros2_ws/install/differential_robot_bringup' for CMake module files
[1.173s] Level 1:colcon.colcon_core.environment:checking '/home/pawel/Projects/differential_robot_ws/ros2_ws/install/differential_robot_bringup' for CMake config files
[1.173s] Level 1:colcon.colcon_core.shell:create_environment_hook('differential_robot_bringup', 'cmake_prefix_path')
[1.173s] INFO:colcon.colcon_core.shell:Creating environment hook '/home/pawel/Projects/differential_robot_ws/ros2_ws/install/differential_robot_bringup/share/differential_robot_bringup/hook/cmake_prefix_path.ps1'
[1.173s] INFO:colcon.colcon_core.shell:Creating environment descriptor '/home/pawel/Projects/differential_robot_ws/ros2_ws/install/differential_robot_bringup/share/differential_robot_bringup/hook/cmake_prefix_path.dsv'
[1.174s] INFO:colcon.colcon_core.shell:Creating environment hook '/home/pawel/Projects/differential_robot_ws/ros2_ws/install/differential_robot_bringup/share/differential_robot_bringup/hook/cmake_prefix_path.sh'
[1.174s] Level 1:colcon.colcon_core.environment:checking '/home/pawel/Projects/differential_robot_ws/ros2_ws/install/differential_robot_bringup/bin'
[1.174s] Level 1:colcon.colcon_core.environment:checking '/home/pawel/Projects/differential_robot_ws/ros2_ws/install/differential_robot_bringup/lib/pkgconfig/differential_robot_bringup.pc'
[1.174s] Level 1:colcon.colcon_core.environment:checking '/home/pawel/Projects/differential_robot_ws/ros2_ws/install/differential_robot_bringup/lib/python3.12/site-packages'
[1.175s] Level 1:colcon.colcon_core.environment:checking '/home/pawel/Projects/differential_robot_ws/ros2_ws/install/differential_robot_bringup/bin'
[1.175s] INFO:colcon.colcon_core.shell:Creating package script '/home/pawel/Projects/differential_robot_ws/ros2_ws/install/differential_robot_bringup/share/differential_robot_bringup/package.ps1'
[1.175s] INFO:colcon.colcon_core.shell:Creating package descriptor '/home/pawel/Projects/differential_robot_ws/ros2_ws/install/differential_robot_bringup/share/differential_robot_bringup/package.dsv'
[1.176s] INFO:colcon.colcon_core.shell:Creating package script '/home/pawel/Projects/differential_robot_ws/ros2_ws/install/differential_robot_bringup/share/differential_robot_bringup/package.sh'
[1.176s] INFO:colcon.colcon_core.shell:Creating package script '/home/pawel/Projects/differential_robot_ws/ros2_ws/install/differential_robot_bringup/share/differential_robot_bringup/package.bash'
[1.176s] INFO:colcon.colcon_core.shell:Creating package script '/home/pawel/Projects/differential_robot_ws/ros2_ws/install/differential_robot_bringup/share/differential_robot_bringup/package.zsh'
[1.177s] Level 1:colcon.colcon_core.environment:create_file_with_runtime_dependencies(/home/pawel/Projects/differential_robot_ws/ros2_ws/install/differential_robot_bringup/share/colcon-core/packages/differential_robot_bringup)
[1.177s] DEBUG:colcon.colcon_parallel_executor.executor.parallel:closing loop
[1.177s] DEBUG:colcon.colcon_parallel_executor.executor.parallel:loop closed
[1.177s] DEBUG:colcon.colcon_parallel_executor.executor.parallel:run_until_complete finished with '0'
[1.177s] DEBUG:colcon.colcon_core.event_reactor:joining thread
[1.183s] INFO:colcon.colcon_core.plugin_system:Skipping extension 'colcon_notification.desktop_notification.terminal_notifier': Not used on non-Darwin systems
[1.183s] INFO:colcon.colcon_core.plugin_system:Skipping extension 'colcon_notification.desktop_notification.win32': Not used on non-Windows systems
[1.183s] INFO:colcon.colcon_notification.desktop_notification:Sending desktop notification using 'notify2'
[1.207s] DEBUG:colcon.colcon_core.event_reactor:joined thread
[1.207s] INFO:colcon.colcon_core.shell:Creating prefix script '/home/pawel/Projects/differential_robot_ws/ros2_ws/install/local_setup.ps1'
[1.208s] INFO:colcon.colcon_core.shell:Creating prefix util module '/home/pawel/Projects/differential_robot_ws/ros2_ws/install/_local_setup_util_ps1.py'
[1.209s] INFO:colcon.colcon_core.shell:Creating prefix chain script '/home/pawel/Projects/differential_robot_ws/ros2_ws/install/setup.ps1'
[1.210s] INFO:colcon.colcon_core.shell:Creating prefix script '/home/pawel/Projects/differential_robot_ws/ros2_ws/install/local_setup.sh'
[1.210s] INFO:colcon.colcon_core.shell:Creating prefix util module '/home/pawel/Projects/differential_robot_ws/ros2_ws/install/_local_setup_util_sh.py'
[1.211s] INFO:colcon.colcon_core.shell:Creating prefix chain script '/home/pawel/Projects/differential_robot_ws/ros2_ws/install/setup.sh'
[1.211s] INFO:colcon.colcon_core.shell:Creating prefix script '/home/pawel/Projects/differential_robot_ws/ros2_ws/install/local_setup.bash'
[1.212s] INFO:colcon.colcon_core.shell:Creating prefix chain script '/home/pawel/Projects/differential_robot_ws/ros2_ws/install/setup.bash'
[1.212s] INFO:colcon.colcon_core.shell:Creating prefix script '/home/pawel/Projects/differential_robot_ws/ros2_ws/install/local_setup.zsh'
[1.213s] INFO:colcon.colcon_core.shell:Creating prefix chain script '/home/pawel/Projects/differential_robot_ws/ros2_ws/install/setup.zsh'
